npm warn config optional Use `--omit=optional` to exclude optional dependencies, or
npm warn config `--include=optional` to include them.
npm warn config
npm warn config       Default value does install optional deps unless otherwise omitted.

> @settler/web@1.0.0 typecheck
> tsc --noEmit --incremental

scripts/verify-routes.ts(9,1): error TS6133: 'readFileSync' is declared but its value is never read.
scripts/verify-routes.ts(11,1): error TS6133: 'glob' is declared but its value is never read.
scripts/verify-routes.ts(78,9): error TS6133: 'pageFile' is declared but its value is never read.
scripts/verify-routes.ts(90,35): error TS6133: 'f' is declared but its value is never read.
scripts/verify-routes.ts(92,37): error TS2345: Argument of type 'string | undefined' is not assignable to parameter of type 'string'.
  Type 'undefined' is not assignable to type 'string'.
src/app/api/docs/openapi/route.ts(15,3): error TS6133: 'updateFlagEnvironmentSchema' is declared but its value is never read.
src/lib/api/console-handler.ts(113,69): error TS2339: Property 'errors' does not exist on type 'ZodError<TInput>'.
src/lib/api/console-handler.ts(178,9): error TS2322: Type 'NextResponse<unknown>' is not assignable to type 'NextResponse<ConsoleApiResponse<TOutput>>'.
  Type 'unknown' is not assignable to type 'ConsoleApiResponse<TOutput>'.
src/lib/api/openapi-generator.ts(56,34): error TS2769: No overload matches this call.
  Overload 1 of 2, '(predicate: (value: $ZodCheck<string>, index: number, obj: $ZodCheck<string>[]) => value is $ZodCheck<string>, thisArg?: any): $ZodCheck<string> | undefined', gave the following error.
    Argument of type '(c: { kind: string; }) => boolean' is not assignable to parameter of type '(value: $ZodCheck<string>, index: number, obj: $ZodCheck<string>[]) => value is $ZodCheck<string>'.
      Types of parameters 'c' and 'value' are incompatible.
        Property 'kind' is missing in type '$ZodCheck<string>' but required in type '{ kind: string; }'.
  Overload 2 of 2, '(predicate: (value: $ZodCheck<string>, index: number, obj: $ZodCheck<string>[]) => unknown, thisArg?: any): $ZodCheck<string> | undefined', gave the following error.
    Argument of type '(c: { kind: string; }) => boolean' is not assignable to parameter of type '(value: $ZodCheck<string>, index: number, obj: $ZodCheck<string>[]) => unknown'.
      Types of parameters 'c' and 'value' are incompatible.
        Property 'kind' is missing in type '$ZodCheck<string>' but required in type '{ kind: string; }'.
src/lib/api/openapi-generator.ts(57,42): error TS2769: No overload matches this call.
  Overload 1 of 2, '(predicate: (value: $ZodCheck<string>, index: number, obj: $ZodCheck<string>[]) => value is $ZodCheck<string>, thisArg?: any): $ZodCheck<string> | undefined', gave the following error.
    Argument of type '(c: { kind: string; }) => boolean' is not assignable to parameter of type '(value: $ZodCheck<string>, index: number, obj: $ZodCheck<string>[]) => value is $ZodCheck<string>'.
      Types of parameters 'c' and 'value' are incompatible.
        Property 'kind' is missing in type '$ZodCheck<string>' but required in type '{ kind: string; }'.
  Overload 2 of 2, '(predicate: (value: $ZodCheck<string>, index: number, obj: $ZodCheck<string>[]) => unknown, thisArg?: any): $ZodCheck<string> | undefined', gave the following error.
    Argument of type '(c: { kind: string; }) => boolean' is not assignable to parameter of type '(value: $ZodCheck<string>, index: number, obj: $ZodCheck<string>[]) => unknown'.
      Types of parameters 'c' and 'value' are incompatible.
        Property 'kind' is missing in type '$ZodCheck<string>' but required in type '{ kind: string; }'.
src/lib/api/openapi-generator.ts(57,86): error TS2339: Property 'value' does not exist on type '$ZodCheck<string>'.
src/lib/api/openapi-generator.ts(59,34): error TS2769: No overload matches this call.
  Overload 1 of 2, '(predicate: (value: $ZodCheck<string>, index: number, obj: $ZodCheck<string>[]) => value is $ZodCheck<string>, thisArg?: any): $ZodCheck<string> | undefined', gave the following error.
    Argument of type '(c: { kind: string; }) => boolean' is not assignable to parameter of type '(value: $ZodCheck<string>, index: number, obj: $ZodCheck<string>[]) => value is $ZodCheck<string>'.
      Types of parameters 'c' and 'value' are incompatible.
        Property 'kind' is missing in type '$ZodCheck<string>' but required in type '{ kind: string; }'.
  Overload 2 of 2, '(predicate: (value: $ZodCheck<string>, index: number, obj: $ZodCheck<string>[]) => unknown, thisArg?: any): $ZodCheck<string> | undefined', gave the following error.
    Argument of type '(c: { kind: string; }) => boolean' is not assignable to parameter of type '(value: $ZodCheck<string>, index: number, obj: $ZodCheck<string>[]) => unknown'.
      Types of parameters 'c' and 'value' are incompatible.
        Property 'kind' is missing in type '$ZodCheck<string>' but required in type '{ kind: string; }'.
src/lib/api/openapi-generator.ts(60,42): error TS2769: No overload matches this call.
  Overload 1 of 2, '(predicate: (value: $ZodCheck<string>, index: number, obj: $ZodCheck<string>[]) => value is $ZodCheck<string>, thisArg?: any): $ZodCheck<string> | undefined', gave the following error.
    Argument of type '(c: { kind: string; }) => boolean' is not assignable to parameter of type '(value: $ZodCheck<string>, index: number, obj: $ZodCheck<string>[]) => value is $ZodCheck<string>'.
      Types of parameters 'c' and 'value' are incompatible.
        Property 'kind' is missing in type '$ZodCheck<string>' but required in type '{ kind: string; }'.
  Overload 2 of 2, '(predicate: (value: $ZodCheck<string>, index: number, obj: $ZodCheck<string>[]) => unknown, thisArg?: any): $ZodCheck<string> | undefined', gave the following error.
    Argument of type '(c: { kind: string; }) => boolean' is not assignable to parameter of type '(value: $ZodCheck<string>, index: number, obj: $ZodCheck<string>[]) => unknown'.
      Types of parameters 'c' and 'value' are incompatible.
        Property 'kind' is missing in type '$ZodCheck<string>' but required in type '{ kind: string; }'.
src/lib/api/openapi-generator.ts(60,86): error TS2339: Property 'value' does not exist on type '$ZodCheck<string>'.
src/lib/api/openapi-generator.ts(68,34): error TS2769: No overload matches this call.
  Overload 1 of 2, '(predicate: (value: $ZodCheck<never>, index: number, obj: $ZodCheck<never>[]) => value is $ZodCheck<never>, thisArg?: any): $ZodCheck<never> | undefined', gave the following error.
    Argument of type '(c: { kind: string; }) => boolean' is not assignable to parameter of type '(value: $ZodCheck<never>, index: number, obj: $ZodCheck<never>[]) => value is $ZodCheck<never>'.
      Types of parameters 'c' and 'value' are incompatible.
        Property 'kind' is missing in type '$ZodCheck<never>' but required in type '{ kind: string; }'.
  Overload 2 of 2, '(predicate: (value: $ZodCheck<never>, index: number, obj: $ZodCheck<never>[]) => unknown, thisArg?: any): $ZodCheck<never> | undefined', gave the following error.
    Argument of type '(c: { kind: string; }) => boolean' is not assignable to parameter of type '(value: $ZodCheck<never>, index: number, obj: $ZodCheck<never>[]) => unknown'.
      Types of parameters 'c' and 'value' are incompatible.
        Property 'kind' is missing in type '$ZodCheck<never>' but required in type '{ kind: string; }'.
src/lib/api/openapi-generator.ts(69,40): error TS2769: No overload matches this call.
  Overload 1 of 2, '(predicate: (value: $ZodCheck<never>, index: number, obj: $ZodCheck<never>[]) => value is $ZodCheck<never>, thisArg?: any): $ZodCheck<never> | undefined', gave the following error.
    Argument of type '(c: { kind: string; }) => boolean' is not assignable to parameter of type '(value: $ZodCheck<never>, index: number, obj: $ZodCheck<never>[]) => value is $ZodCheck<never>'.
      Types of parameters 'c' and 'value' are incompatible.
        Property 'kind' is missing in type '$ZodCheck<never>' but required in type '{ kind: string; }'.
  Overload 2 of 2, '(predicate: (value: $ZodCheck<never>, index: number, obj: $ZodCheck<never>[]) => unknown, thisArg?: any): $ZodCheck<never> | undefined', gave the following error.
    Argument of type '(c: { kind: string; }) => boolean' is not assignable to parameter of type '(value: $ZodCheck<never>, index: number, obj: $ZodCheck<never>[]) => unknown'.
      Types of parameters 'c' and 'value' are incompatible.
        Property 'kind' is missing in type '$ZodCheck<never>' but required in type '{ kind: string; }'.
src/lib/api/openapi-generator.ts(69,84): error TS2339: Property 'value' does not exist on type '$ZodCheck<never>'.
src/lib/api/openapi-generator.ts(71,34): error TS2769: No overload matches this call.
  Overload 1 of 2, '(predicate: (value: $ZodCheck<never>, index: number, obj: $ZodCheck<never>[]) => value is $ZodCheck<never>, thisArg?: any): $ZodCheck<never> | undefined', gave the following error.
    Argument of type '(c: { kind: string; }) => boolean' is not assignable to parameter of type '(value: $ZodCheck<never>, index: number, obj: $ZodCheck<never>[]) => value is $ZodCheck<never>'.
      Types of parameters 'c' and 'value' are incompatible.
        Property 'kind' is missing in type '$ZodCheck<never>' but required in type '{ kind: string; }'.
  Overload 2 of 2, '(predicate: (value: $ZodCheck<never>, index: number, obj: $ZodCheck<never>[]) => unknown, thisArg?: any): $ZodCheck<never> | undefined', gave the following error.
    Argument of type '(c: { kind: string; }) => boolean' is not assignable to parameter of type '(value: $ZodCheck<never>, index: number, obj: $ZodCheck<never>[]) => unknown'.
      Types of parameters 'c' and 'value' are incompatible.
        Property 'kind' is missing in type '$ZodCheck<never>' but required in type '{ kind: string; }'.
src/lib/api/openapi-generator.ts(72,40): error TS2769: No overload matches this call.
  Overload 1 of 2, '(predicate: (value: $ZodCheck<never>, index: number, obj: $ZodCheck<never>[]) => value is $ZodCheck<never>, thisArg?: any): $ZodCheck<never> | undefined', gave the following error.
    Argument of type '(c: { kind: string; }) => boolean' is not assignable to parameter of type '(value: $ZodCheck<never>, index: number, obj: $ZodCheck<never>[]) => value is $ZodCheck<never>'.
      Types of parameters 'c' and 'value' are incompatible.
        Property 'kind' is missing in type '$ZodCheck<never>' but required in type '{ kind: string; }'.
  Overload 2 of 2, '(predicate: (value: $ZodCheck<never>, index: number, obj: $ZodCheck<never>[]) => unknown, thisArg?: any): $ZodCheck<never> | undefined', gave the following error.
    Argument of type '(c: { kind: string; }) => boolean' is not assignable to parameter of type '(value: $ZodCheck<never>, index: number, obj: $ZodCheck<never>[]) => unknown'.
      Types of parameters 'c' and 'value' are incompatible.
        Property 'kind' is missing in type '$ZodCheck<never>' but required in type '{ kind: string; }'.
src/lib/api/openapi-generator.ts(72,84): error TS2339: Property 'value' does not exist on type '$ZodCheck<never>'.
src/lib/api/openapi-generator.ts(84,31): error TS2345: Argument of type 'string' is not assignable to parameter of type 'ZodType<unknown, unknown, $ZodTypeInternals<unknown, unknown>>'.
src/lib/api/openapi-generator.ts(91,23): error TS2339: Property 'values' does not exist on type '$ZodEnumDef<Readonly<Record<string, EnumValue>>>'.
src/lib/api/openapi-generator.ts(96,29): error TS2345: Argument of type '$ZodType<unknown, unknown, $ZodTypeInternals<unknown, unknown>>' is not assignable to parameter of type 'ZodType<unknown, unknown, $ZodTypeInternals<unknown, unknown>>'.
  Type '$ZodType<unknown, unknown, $ZodTypeInternals<unknown, unknown>>' is missing the following properties from type 'ZodType<unknown, unknown, $ZodTypeInternals<unknown, unknown>>': def, type, _def, _output, and 38 more.
src/lib/api/openapi-generator.ts(160,5): error TS2532: Object is possibly 'undefined'.
src/lib/db/cache.ts(12,10): error TS2724: '"@/lib/monitoring/metrics"' has no exported member named 'trackCacheMetric'. Did you mean 'trackMetric'?
src/lib/db/query-builder.ts(15,39): error TS6133: 'CachePatterns' is declared but its value is never read.
src/lib/db/query-builder.ts(165,29): error TS7053: Element implicitly has an 'any' type because expression of type 'string' can't be used to index type 'PrismaClient<PrismaClientOptions, never, DefaultArgs>'.
  No index signature with a parameter of type 'string' was found on type 'PrismaClient<PrismaClientOptions, never, DefaultArgs>'.
src/lib/db/query-builder.ts(202,29): error TS7053: Element implicitly has an 'any' type because expression of type 'string' can't be used to index type 'PrismaClient<PrismaClientOptions, never, DefaultArgs>'.
  No index signature with a parameter of type 'string' was found on type 'PrismaClient<PrismaClientOptions, never, DefaultArgs>'.
src/lib/db/query-builder.ts(231,29): error TS7053: Element implicitly has an 'any' type because expression of type 'string' can't be used to index type 'PrismaClient<PrismaClientOptions, never, DefaultArgs>'.
  No index signature with a parameter of type 'string' was found on type 'PrismaClient<PrismaClientOptions, never, DefaultArgs>'.
src/lib/db/query-builder.ts(260,29): error TS7053: Element implicitly has an 'any' type because expression of type 'string' can't be used to index type 'PrismaClient<PrismaClientOptions, never, DefaultArgs>'.
  No index signature with a parameter of type 'string' was found on type 'PrismaClient<PrismaClientOptions, never, DefaultArgs>'.
src/lib/db/query-builder.ts(293,29): error TS7053: Element implicitly has an 'any' type because expression of type 'string' can't be used to index type 'PrismaClient<PrismaClientOptions, never, DefaultArgs>'.
  No index signature with a parameter of type 'string' was found on type 'PrismaClient<PrismaClientOptions, never, DefaultArgs>'.
src/lib/security/input-sanitization.ts(138,42): error TS2769: No overload matches this call.
  The last overload gave the following error.
    Type 'string | undefined' is not assignable to type 'string'.
      Type 'undefined' is not assignable to type 'string'.
npm error Lifecycle script `typecheck` failed with error:
npm error code 2
npm error path /workspace/packages/web
npm error workspace @settler/web@1.0.0
npm error location /workspace/packages/web
npm error command failed
npm error command sh -c tsc --noEmit --incremental
