
> @settler/web@1.0.0 prebuild C:\Users\scott\Documents\GitHub\Settler\packages\web
> npm run validate:prebuild

npm warn config optional Use `--omit=optional` to exclude optional dependencies, or
npm warn config `--include=optional` to include them.
npm warn config
npm warn config       Default value does install optional deps unless otherwise omitted.
npm warn Unknown env config "verify-deps-before-run". This will stop working in the next major version of npm.
npm warn Unknown env config "_jsr-registry". This will stop working in the next major version of npm.
npm warn config optional Use `--omit=optional` to exclude optional dependencies, or
npm warn config `--include=optional` to include them.
npm warn config
npm warn config       Default value does install optional deps unless otherwise omitted.

> @settler/web@1.0.0 validate:prebuild
> npm run typecheck:ci

npm warn config optional Use `--omit=optional` to exclude optional dependencies, or
npm warn config `--include=optional` to include them.
npm warn config
npm warn config       Default value does install optional deps unless otherwise omitted.
npm warn Unknown env config "verify-deps-before-run". This will stop working in the next major version of npm.
npm warn Unknown env config "_jsr-registry". This will stop working in the next major version of npm.
npm warn config optional Use `--omit=optional` to exclude optional dependencies, or
npm warn config `--include=optional` to include them.
npm warn config
npm warn config       Default value does install optional deps unless otherwise omitted.

> @settler/web@1.0.0 typecheck:ci
> tsc --noEmit

The system cannot find the path specified.
npm error Lifecycle script `typecheck:ci` failed with error:
npm error code 1
npm error path C:\Users\scott\Documents\GitHub\Settler\packages\web
npm error workspace @settler/web@1.0.0
npm error location C:\Users\scott\Documents\GitHub\Settler\packages\web
npm error command failed
npm error command C:\WINDOWS\system32\cmd.exe /d /s /c tsc --noEmit
npm error Lifecycle script `validate:prebuild` failed with error:
npm error code 1
npm error path C:\Users\scott\Documents\GitHub\Settler\packages\web
npm error workspace @settler/web@1.0.0
npm error location C:\Users\scott\Documents\GitHub\Settler\packages\web
npm error command failed
npm error command C:\WINDOWS\system32\cmd.exe /d /s /c npm run typecheck:ci
 ELIFECYCLE  Command failed with exit code 1.
