
> @settler/web@1.0.0 lint C:\Users\scott\Documents\GitHub\Settler\packages\web
> npx next lint

npm warn config optional Use `--omit=optional` to exclude optional dependencies, or
npm warn config `--include=optional` to include them.
npm warn config
npm warn config       Default value does install optional deps unless otherwise omitted.
npm warn Unknown env config "store-dir". This will stop working in the next major version of npm.
npm warn Unknown env config "verify-deps-before-run". This will stop working in the next major version of npm.
npm warn Unknown env config "_jsr-registry". This will stop working in the next major version of npm.
npm warn config optional Use `--omit=optional` to exclude optional dependencies, or
npm warn config `--include=optional` to include them.
npm warn config
npm warn config       Default value does install optional deps unless otherwise omitted.

./src/app/actions/playground.ts
120:14  Warning: 'error' is defined but never used.  @typescript-eslint/no-unused-vars

./src/app/admin/database/page.tsx
47:16  Warning: 'err' is defined but never used.  @typescript-eslint/no-unused-vars
58:16  Warning: 'err' is defined but never used.  @typescript-eslint/no-unused-vars

./src/app/api/ai/support-assistant/route.ts
80:16  Warning: 'error' is defined but never used.  @typescript-eslint/no-unused-vars

./src/app/api/connectors/sync/[providerId]/route.ts
150:14  Warning: 'error' is defined but never used.  @typescript-eslint/no-unused-vars

./src/app/api/console/tables/[table]/route.ts
86:14  Warning: 'error' is defined but never used.  @typescript-eslint/no-unused-vars
106:16  Warning: 'error' is defined but never used.  @typescript-eslint/no-unused-vars
198:14  Warning: 'error' is defined but never used.  @typescript-eslint/no-unused-vars
276:14  Warning: 'error' is defined but never used.  @typescript-eslint/no-unused-vars
359:14  Warning: 'error' is defined but never used.  @typescript-eslint/no-unused-vars

./src/app/api/console/usage/analytics/route.ts
150:16  Warning: 'error' is defined but never used.  @typescript-eslint/no-unused-vars
165:14  Warning: 'error' is defined but never used.  @typescript-eslint/no-unused-vars
180:14  Warning: 'error' is defined but never used.  @typescript-eslint/no-unused-vars

./src/app/api/exports/route.ts
69:22  Warning: 'error' is defined but never used.  @typescript-eslint/no-unused-vars
79:18  Warning: 'error' is defined but never used.  @typescript-eslint/no-unused-vars
241:20  Warning: 'error' is defined but never used.  @typescript-eslint/no-unused-vars
275:16  Warning: 'error' is defined but never used.  @typescript-eslint/no-unused-vars

./src/app/api/health/console/route.ts
156:16  Warning: 'error' is defined but never used.  @typescript-eslint/no-unused-vars

./src/app/api/health/route.ts
188:18  Warning: 'error' is defined but never used.  @typescript-eslint/no-unused-vars

./src/app/api/internal/health/deep/route.ts
97:14  Warning: 'error' is defined but never used.  @typescript-eslint/no-unused-vars

./src/app/api/jobs/bulk/route.ts
64:18  Warning: 'error' is defined but never used.  @typescript-eslint/no-unused-vars
74:14  Warning: 'error' is defined but never used.  @typescript-eslint/no-unused-vars

./src/app/api/jobs/[jobId]/exceptions/route.ts
170:18  Warning: 'error' is defined but never used.  @typescript-eslint/no-unused-vars
180:14  Warning: 'error' is defined but never used.  @typescript-eslint/no-unused-vars

./src/app/api/jobs/[jobId]/exceptions/[exceptionId]/route.ts
115:18  Warning: 'error' is defined but never used.  @typescript-eslint/no-unused-vars
125:14  Warning: 'error' is defined but never used.  @typescript-eslint/no-unused-vars

./src/app/api/jobs/[jobId]/progress/route.ts
96:16  Warning: 'error' is defined but never used.  @typescript-eslint/no-unused-vars

./src/app/api/jobs/[jobId]/route.ts
145:18  Warning: 'error' is defined but never used.  @typescript-eslint/no-unused-vars
156:14  Warning: 'error' is defined but never used.  @typescript-eslint/no-unused-vars

./src/app/api/public/ui-config/route.ts
48:14  Warning: 'error' is defined but never used.  @typescript-eslint/no-unused-vars

./src/app/api/rbac/users/route.ts
63:16  Warning: 'error' is defined but never used.  @typescript-eslint/no-unused-vars

./src/app/api/status/route.ts
97:12  Warning: 'error' is defined but never used.  @typescript-eslint/no-unused-vars
111:12  Warning: 'error' is defined but never used.  @typescript-eslint/no-unused-vars
127:12  Warning: 'error' is defined but never used.  @typescript-eslint/no-unused-vars

./src/app/api/stripe/checkout/route.ts
43:12  Warning: 'error' is defined but never used.  @typescript-eslint/no-unused-vars

./src/app/api/stripe/portal/route.ts
30:12  Warning: 'error' is defined but never used.  @typescript-eslint/no-unused-vars

./src/app/api/support/tickets/route.ts
64:16  Warning: 'error' is defined but never used.  @typescript-eslint/no-unused-vars

./src/app/api/v1/receipts/route.ts
133:14  Warning: 'error' is defined but never used.  @typescript-eslint/no-unused-vars
353:18  Warning: 'error' is defined but never used.  @typescript-eslint/no-unused-vars

./src/app/api/v1/recon/jobs/route.ts
37:14  Warning: 'error' is defined but never used.  @typescript-eslint/no-unused-vars
242:16  Warning: 'error' is defined but never used.  @typescript-eslint/no-unused-vars

./src/app/api/vercel-example/route.ts
39:12  Warning: 'error' is defined but never used.  @typescript-eslint/no-unused-vars

./src/app/api/workspaces/route.ts
127:14  Warning: 'error' is defined but never used.  @typescript-eslint/no-unused-vars
149:14  Warning: 'error' is defined but never used.  @typescript-eslint/no-unused-vars

./src/app/console/diagnostics/page.tsx
104:12  Warning: 'err' is defined but never used.  @typescript-eslint/no-unused-vars
133:12  Warning: 'err' is defined but never used.  @typescript-eslint/no-unused-vars

./src/app/engine/create-run-pack/page.tsx
36:14  Warning: 'err' is defined but never used.  @typescript-eslint/no-unused-vars

./src/components/ai/SupportAssistant.tsx
52:14  Warning: 'error' is defined but never used.  @typescript-eslint/no-unused-vars

./src/components/console/AlertsView.tsx
55:14  Warning: 'error' is defined but never used.  @typescript-eslint/no-unused-vars
78:14  Warning: 'error' is defined but never used.  @typescript-eslint/no-unused-vars

./src/components/console/AnalyticsStudio.tsx
150:14  Warning: 'error' is defined but never used.  @typescript-eslint/no-unused-vars
189:14  Warning: 'error' is defined but never used.  @typescript-eslint/no-unused-vars

./src/components/console/ApprovalWorkflows.tsx
59:14  Warning: 'error' is defined but never used.  @typescript-eslint/no-unused-vars
93:14  Warning: 'error' is defined but never used.  @typescript-eslint/no-unused-vars
110:14  Warning: 'error' is defined but never used.  @typescript-eslint/no-unused-vars
125:14  Warning: 'error' is defined but never used.  @typescript-eslint/no-unused-vars

./src/components/console/BulkOperations.tsx
80:14  Warning: 'error' is defined but never used.  @typescript-eslint/no-unused-vars
96:14  Warning: 'error' is defined but never used.  @typescript-eslint/no-unused-vars

./src/components/console/CLIPlayground.tsx
114:16  Warning: 'error' is defined but never used.  @typescript-eslint/no-unused-vars
136:18  Warning: 'error' is defined but never used.  @typescript-eslint/no-unused-vars
196:14  Warning: 'error' is defined but never used.  @typescript-eslint/no-unused-vars
217:14  Warning: 'error' is defined but never used.  @typescript-eslint/no-unused-vars
285:14  Warning: 'error' is defined but never used.  @typescript-eslint/no-unused-vars

./src/components/console/CodeEditor.tsx
160:24  Warning: 'error' is defined but never used.  @typescript-eslint/no-unused-vars

./src/components/console/CodeGenerator.tsx
41:12  Warning: 'error' is defined but never used.  @typescript-eslint/no-unused-vars

./src/components/console/EnhancedPlayground.tsx
76:18  Warning: 'error' is defined but never used.  @typescript-eslint/no-unused-vars
95:14  Warning: 'error' is defined but never used.  @typescript-eslint/no-unused-vars

./src/components/console/EnhancedRulesEngine.tsx
72:14  Warning: 'error' is defined but never used.  @typescript-eslint/no-unused-vars
115:14  Warning: 'error' is defined but never used.  @typescript-eslint/no-unused-vars
156:14  Warning: 'error' is defined but never used.  @typescript-eslint/no-unused-vars

./src/components/console/ExecutiveDashboard.tsx
50:16  Warning: 'error' is defined but never used.  @typescript-eslint/no-unused-vars

./src/components/console/FeatureFlagsPolicy.tsx
51:14  Warning: 'error' is defined but never used.  @typescript-eslint/no-unused-vars
91:14  Warning: 'error' is defined but never used.  @typescript-eslint/no-unused-vars

./src/components/console/MeaningfulChangesFeed.tsx
53:14  Warning: 'error' is defined but never used.  @typescript-eslint/no-unused-vars

./src/components/console/MultiSourceReconciliation.tsx
97:14  Warning: 'error' is defined but never used.  @typescript-eslint/no-unused-vars
142:14  Warning: 'error' is defined but never used.  @typescript-eslint/no-unused-vars
171:14  Warning: 'error' is defined but never used.  @typescript-eslint/no-unused-vars

./src/components/console/ProgressTracker.tsx
70:14  Warning: 'error' is defined but never used.  @typescript-eslint/no-unused-vars

./src/components/console/ReceiptMatching.tsx
46:14  Warning: 'error' is defined but never used.  @typescript-eslint/no-unused-vars
81:14  Warning: 'error' is defined but never used.  @typescript-eslint/no-unused-vars
96:14  Warning: 'error' is defined but never used.  @typescript-eslint/no-unused-vars

./src/components/console/ReceiptsHashView.tsx
56:14  Warning: 'error' is defined but never used.  @typescript-eslint/no-unused-vars
78:14  Warning: 'error' is defined but never used.  @typescript-eslint/no-unused-vars

./src/components/console/ReconciliationView.tsx
54:14  Warning: 'error' is defined but never used.  @typescript-eslint/no-unused-vars
91:14  Warning: 'error' is defined but never used.  @typescript-eslint/no-unused-vars

./src/components/console/RequestResponseViewer.tsx
41:12  Warning: 'error' is defined but never used.  @typescript-eslint/no-unused-vars

./src/components/console/ShareButton.tsx
62:14  Warning: 'error' is defined but never used.  @typescript-eslint/no-unused-vars

./src/components/console/SLADashboard.tsx
56:14  Warning: 'error' is defined but never used.  @typescript-eslint/no-unused-vars
86:14  Warning: 'error' is defined but never used.  @typescript-eslint/no-unused-vars
101:14  Warning: 'error' is defined but never used.  @typescript-eslint/no-unused-vars

./src/components/console/SubscriptionGate.tsx
32:14  Warning: 'error' is defined but never used.  @typescript-eslint/no-unused-vars

./src/components/console/ValueMomentUpgradePrompt.tsx
76:14  Warning: 'error' is defined but never used.  @typescript-eslint/no-unused-vars

./src/components/examples/ObservabilityExample.tsx
55:14  Warning: 'error' is defined but never used.  @typescript-eslint/no-unused-vars
75:14  Warning: 'error' is defined but never used.  @typescript-eslint/no-unused-vars

./src/components/monitoring/PerformanceMonitor.tsx
31:18  Warning: 'error' is defined but never used.  @typescript-eslint/no-unused-vars

./src/components/monitoring/StatusIndicator.tsx
45:20  Warning: 'error' is defined but never used.  @typescript-eslint/no-unused-vars

./src/components/ops/BriefingsView.tsx
119:14  Warning: 'error' is defined but never used.  @typescript-eslint/no-unused-vars
159:14  Warning: 'error' is defined but never used.  @typescript-eslint/no-unused-vars

./src/components/ops/InsightsView.tsx
146:14  Warning: 'error' is defined but never used.  @typescript-eslint/no-unused-vars
220:14  Warning: 'error' is defined but never used.  @typescript-eslint/no-unused-vars
259:14  Warning: 'error' is defined but never used.  @typescript-eslint/no-unused-vars

./src/components/support/IssueTracker.tsx
37:14  Warning: 'error' is defined but never used.  @typescript-eslint/no-unused-vars

./src/components/support/ReportIssue.tsx
66:14  Warning: 'error' is defined but never used.  @typescript-eslint/no-unused-vars

./src/components/support/SupportInbox.tsx
51:16  Warning: 'error' is defined but never used.  @typescript-eslint/no-unused-vars

./src/components/ui/code-block.tsx
32:14  Warning: 'error' is defined but never used.  @typescript-eslint/no-unused-vars

./src/components/ui/CopyButton.tsx
23:14  Warning: 'error' is defined but never used.  @typescript-eslint/no-unused-vars

./src/components/ui/retry-button.tsx
37:14  Warning: 'error' is defined but never used.  @typescript-eslint/no-unused-vars

./src/components/WelcomeDashboard.tsx
33:14  Warning: 'error' is defined but never used.  @typescript-eslint/no-unused-vars

./src/domain/billing/stripeService.ts
86:12  Warning: 'error' is defined but never used.  @typescript-eslint/no-unused-vars

./src/domain/console/apiKeys.ts
182:12  Warning: 'error' is defined but never used.  @typescript-eslint/no-unused-vars

./src/domain/receipts/parser.ts
53:16  Warning: 'error' is defined but never used.  @typescript-eslint/no-unused-vars

./src/lib/ai/insights-generator.ts
60:18  Warning: 'error' is defined but never used.  @typescript-eslint/no-unused-vars

./src/lib/analytics/providers/vercel.ts
31:16  Warning: 'error' is defined but never used.  @typescript-eslint/no-unused-vars

./src/lib/api/client.ts
185:12  Warning: 'error' is defined but never used.  @typescript-eslint/no-unused-vars

./src/lib/api/unified-auth.ts
66:14  Warning: 'error' is defined but never used.  @typescript-eslint/no-unused-vars

./src/lib/audit/logger.ts
68:12  Warning: 'error' is defined but never used.  @typescript-eslint/no-unused-vars

./src/lib/auth/entitlements.ts
141:18  Warning: 'error' is defined but never used.  @typescript-eslint/no-unused-vars

./src/lib/auth/guest.ts
81:12  Warning: 'error' is defined but never used.  @typescript-eslint/no-unused-vars

./src/lib/cache/api-cache.ts
147:16  Warning: 'error' is defined but never used.  @typescript-eslint/no-unused-vars

./src/lib/changelog.ts
60:12  Warning: 'error' is defined but never used.  @typescript-eslint/no-unused-vars

./src/lib/content/pages.ts
26:12  Warning: 'error' is defined but never used.  @typescript-eslint/no-unused-vars

./src/lib/db/cache.ts
65:12  Warning: 'error' is defined but never used.  @typescript-eslint/no-unused-vars
92:12  Warning: 'error' is defined but never used.  @typescript-eslint/no-unused-vars
122:12  Warning: 'error' is defined but never used.  @typescript-eslint/no-unused-vars

./src/lib/db/query-builder.ts
50:12  Warning: 'error' is defined but never used.  @typescript-eslint/no-unused-vars

./src/lib/diagnostics/index.ts
194:12  Warning: 'error' is defined but never used.  @typescript-eslint/no-unused-vars

./src/lib/feedback-loops/usage-insights.ts
208:18  Warning: 'error' is defined but never used.  @typescript-eslint/no-unused-vars

./src/lib/flags/hooks.ts
81:16  Warning: 'error' is defined but never used.  @typescript-eslint/no-unused-vars
148:16  Warning: 'error' is defined but never used.  @typescript-eslint/no-unused-vars
217:16  Warning: 'error' is defined but never used.  @typescript-eslint/no-unused-vars

./src/lib/future-proof/cache.ts
86:12  Warning: 'error' is defined but never used.  @typescript-eslint/no-unused-vars
116:12  Warning: 'error' is defined but never used.  @typescript-eslint/no-unused-vars
141:12  Warning: 'error' is defined but never used.  @typescript-eslint/no-unused-vars

./src/lib/idempotency/middleware.ts
96:18  Warning: 'error' is defined but never used.  @typescript-eslint/no-unused-vars

./src/lib/logging/logger.ts
110:14  Warning: 'error' is defined but never used.  @typescript-eslint/no-unused-vars

./src/lib/monitoring/correlation.ts
26:12  Warning: 'error' is defined but never used.  @typescript-eslint/no-unused-vars

./src/lib/monitoring/metrics.ts
39:16  Warning: 'error' is defined but never used.  @typescript-eslint/no-unused-vars
89:16  Warning: 'error' is defined but never used.  @typescript-eslint/no-unused-vars

./src/lib/monitoring/sentry.ts
184:14  Warning: 'error' is defined but never used.  @typescript-eslint/no-unused-vars
201:14  Warning: 'error' is defined but never used.  @typescript-eslint/no-unused-vars
229:14  Warning: 'error' is defined but never used.  @typescript-eslint/no-unused-vars

./src/lib/observability/logger.ts
51:16  Warning: 'error' is defined but never used.  @typescript-eslint/no-unused-vars

./src/lib/observability/safe-logger.ts
44:12  Warning: 'error' is defined but never used.  @typescript-eslint/no-unused-vars

./src/lib/observability/trace.ts
72:12  Warning: 'error' is defined but never used.  @typescript-eslint/no-unused-vars

./src/lib/ops/lifecycle-events.ts
44:12  Warning: 'error' is defined but never used.  @typescript-eslint/no-unused-vars

./src/lib/ops-intelligence/utils.ts
167:12  Warning: 'error' is defined but never used.  @typescript-eslint/no-unused-vars

./src/lib/performance/web-vitals.ts
124:12  Warning: 'error' is defined but never used.  @typescript-eslint/no-unused-vars
144:12  Warning: 'error' is defined but never used.  @typescript-eslint/no-unused-vars
162:12  Warning: 'error' is defined but never used.  @typescript-eslint/no-unused-vars

./src/lib/pricing-gate.ts
140:14  Warning: 'error' is defined but never used.  @typescript-eslint/no-unused-vars

./src/lib/safe-fetch.ts
45:16  Warning: 'error' is defined but never used.  @typescript-eslint/no-unused-vars

./src/lib/security/api-security.ts
75:18  Warning: 'error' is defined but never used.  @typescript-eslint/no-unused-vars
83:14  Warning: 'error' is defined but never used.  @typescript-eslint/no-unused-vars

./src/lib/security/entitlement-checks.ts
28:12  Warning: 'error' is defined but never used.  @typescript-eslint/no-unused-vars

./src/lib/security/input-sanitization.ts
45:12  Warning: 'error' is defined but never used.  @typescript-eslint/no-unused-vars

./src/lib/security/request-validator.ts
227:12  Warning: 'error' is defined but never used.  @typescript-eslint/no-unused-vars

./src/lib/server/settler/ai-tokens.ts
39:14  Warning: 'error' is defined but never used.  @typescript-eslint/no-unused-vars
168:14  Warning: 'error' is defined but never used.  @typescript-eslint/no-unused-vars

./src/lib/server/settler/alerts.ts
35:14  Warning: 'error' is defined but never used.  @typescript-eslint/no-unused-vars
118:14  Warning: 'error' is defined but never used.  @typescript-eslint/no-unused-vars

./src/lib/server/settler/feature-flags.ts
32:14  Warning: 'error' is defined but never used.  @typescript-eslint/no-unused-vars
160:14  Warning: 'error' is defined but never used.  @typescript-eslint/no-unused-vars

./src/lib/server/settler/meaningful-changes.ts
49:14  Warning: 'error' is defined but never used.  @typescript-eslint/no-unused-vars

./src/lib/server/settler/receipts.ts
115:14  Warning: 'error' is defined but never used.  @typescript-eslint/no-unused-vars
202:14  Warning: 'error' is defined but never used.  @typescript-eslint/no-unused-vars
275:14  Warning: 'error' is defined but never used.  @typescript-eslint/no-unused-vars

./src/lib/supabase/server.ts
98:18  Warning: 'error' is defined but never used.  @typescript-eslint/no-unused-vars
106:18  Warning: 'error' is defined but never used.  @typescript-eslint/no-unused-vars
115:18  Warning: 'error' is defined but never used.  @typescript-eslint/no-unused-vars

./src/lib/tenant/permissions.ts
21:12  Warning: 'error' is defined but never used.  @typescript-eslint/no-unused-vars

./src/lib/type-safety.ts
79:54  Error: The `Function` type accepts any function-like value.
Prefer explicitly defining any function parameters and return type.  @typescript-eslint/no-unsafe-function-type
227:3  Warning: 'fallbackValue' is assigned a value but never used. Allowed unused args must match /^_/u.  @typescript-eslint/no-unused-vars
243:69  Warning: 'context' is defined but never used. Allowed unused args must match /^_/u.  @typescript-eslint/no-unused-vars
256:3  Warning: 'context' is defined but never used. Allowed unused args must match /^_/u.  @typescript-eslint/no-unused-vars
304:3  Warning: 'context' is defined but never used. Allowed unused args must match /^_/u.  @typescript-eslint/no-unused-vars
346:3  Warning: 'context' is defined but never used. Allowed unused args must match /^_/u.  @typescript-eslint/no-unused-vars

./src/lib/typed-env.ts
163:14  Warning: 'err' is defined but never used.  @typescript-eslint/no-unused-vars

./src/lib/validation/component-validation.ts
58:12  Warning: 'error' is defined but never used.  @typescript-eslint/no-unused-vars

./src/lib/webhooks/manager.ts
179:14  Warning: 'error' is defined but never used.  @typescript-eslint/no-unused-vars

./src/middleware/api-logger.ts
76:12  Warning: 'error' is defined but never used.  @typescript-eslint/no-unused-vars
100:12  Warning: 'error' is defined but never used.  @typescript-eslint/no-unused-vars
155:14  Warning: 'error' is defined but never used.  @typescript-eslint/no-unused-vars

./src/middleware/billing-gate-universal.ts
40:14  Error: Use the spread operator instead of '.apply()'.  prefer-spread
64:16  Error: Use the spread operator instead of '.apply()'.  prefer-spread
80:12  Error: Use the spread operator instead of '.apply()'.  prefer-spread

./src/middleware/usage-tracking.ts
200:28  Error: Use the spread operator instead of '.apply()'.  prefer-spread

./src/shared/db/prismaClient.ts
133:12  Warning: 'error' is defined but never used.  @typescript-eslint/no-unused-vars

./src/stitch_export/components/Footer.tsx
Error: Parsing error: ESLint was configured to run on `<tsconfigRootDir>/src\stitch_export\components\Footer.tsx` using `parserOptions.project`: <tsconfigRootDir>/tsconfig.json
However, that TSConfig does not include this file. Either:
- Change ESLint's list of included files to not include this file
- Change that TSConfig to include this file
- Create a new TSConfig that includes this file and include it in your parserOptions.project
See the typescript-eslint docs for more info: https://tseslint.com/none-of-those-tsconfigs-include-this-file

./src/stitch_export/components/Header.tsx
Error: Parsing error: ESLint was configured to run on `<tsconfigRootDir>/src\stitch_export\components\Header.tsx` using `parserOptions.project`: <tsconfigRootDir>/tsconfig.json
However, that TSConfig does not include this file. Either:
- Change ESLint's list of included files to not include this file
- Change that TSConfig to include this file
- Create a new TSConfig that includes this file and include it in your parserOptions.project
See the typescript-eslint docs for more info: https://tseslint.com/none-of-those-tsconfigs-include-this-file

./src/stitch_export/pages/index.tsx
Error: Parsing error: ESLint was configured to run on `<tsconfigRootDir>/src\stitch_export\pages\index.tsx` using `parserOptions.project`: <tsconfigRootDir>/tsconfig.json
However, that TSConfig does not include this file. Either:
- Change ESLint's list of included files to not include this file
- Change that TSConfig to include this file
- Create a new TSConfig that includes this file and include it in your parserOptions.project
See the typescript-eslint docs for more info: https://tseslint.com/none-of-those-tsconfigs-include-this-file

info  - Need to disable some ESLint rules? Learn more here: https://nextjs.org/docs/basic-features/eslint#disabling-rules
 ELIFECYCLE  Command failed with exit code 1.
