
> @settler/adapters@1.0.0 lint
> eslint src --ext .ts


/workspace/packages/adapters/src/enhanced-base.ts
  14:18  warning  Unexpected any. Specify a different type  @typescript-eslint/no-explicit-any
  36:30  warning  Unexpected any. Specify a different type  @typescript-eslint/no-explicit-any
  61:44  warning  Unexpected any. Specify a different type  @typescript-eslint/no-explicit-any
  81:44  warning  Unexpected any. Specify a different type  @typescript-eslint/no-explicit-any
  86:43  warning  Unexpected any. Specify a different type  @typescript-eslint/no-explicit-any

/workspace/packages/adapters/src/ga4-deep-sync.ts
  23:24  warning  Unexpected any. Specify a different type                 @typescript-eslint/no-explicit-any
  59:11  warning  Unsafe assignment of an `any` value                      @typescript-eslint/no-unsafe-assignment
  60:11  warning  Unsafe assignment of an `any` value                      @typescript-eslint/no-unsafe-assignment
  60:23  warning  Unsafe member access .rows on an `any` value             @typescript-eslint/no-unsafe-member-access
  62:5   warning  Unsafe return of an `any` typed value                    @typescript-eslint/no-unsafe-return
  62:12  warning  Unsafe call of an `any` typed value                      @typescript-eslint/no-unsafe-call
  62:17  warning  Unsafe member access .map on an `any` value              @typescript-eslint/no-unsafe-member-access
  65:3   warning  Async method 'getAccessToken' has no 'await' expression  @typescript-eslint/require-await

/workspace/packages/adapters/src/google-pay.ts
  42:11  warning  Unsafe assignment of an `any` value                   @typescript-eslint/no-unsafe-assignment
  43:11  warning  Unsafe assignment of an `any` value                   @typescript-eslint/no-unsafe-assignment
  43:31  warning  Unsafe member access .transactions on an `any` value  @typescript-eslint/no-unsafe-member-access
  43:52  warning  Unsafe member access .items on an `any` value         @typescript-eslint/no-unsafe-member-access
  45:5   warning  Unsafe return of an `any` typed value                 @typescript-eslint/no-unsafe-return
  45:12  warning  Unsafe call of an `any` typed value                   @typescript-eslint/no-unsafe-call
  45:25  warning  Unsafe member access .map on an `any` value           @typescript-eslint/no-unsafe-member-access

/workspace/packages/adapters/src/meta-commerce.ts
  37:15  warning  Unsafe assignment of an `any` value           @typescript-eslint/no-unsafe-assignment
  38:15  warning  Unsafe assignment of an `any` value           @typescript-eslint/no-unsafe-assignment
  38:37  warning  Unsafe member access .data on an `any` value  @typescript-eslint/no-unsafe-member-access
  39:22  warning  Unsafe spread of an `any` type                @typescript-eslint/no-unsafe-argument
  39:25  warning  Unsafe call of an `any` typed value           @typescript-eslint/no-unsafe-call
  39:32  warning  Unsafe member access .map on an `any` value   @typescript-eslint/no-unsafe-member-access
  66:15  warning  Unsafe assignment of an `any` value           @typescript-eslint/no-unsafe-assignment
  67:15  warning  Unsafe assignment of an `any` value           @typescript-eslint/no-unsafe-assignment
  67:34  warning  Unsafe member access .data on an `any` value  @typescript-eslint/no-unsafe-member-access
  68:22  warning  Unsafe spread of an `any` type                @typescript-eslint/no-unsafe-argument
  68:25  warning  Unsafe call of an `any` typed value           @typescript-eslint/no-unsafe-call
  68:34  warning  Unsafe member access .map on an `any` value   @typescript-eslint/no-unsafe-member-access

/workspace/packages/adapters/src/paypal-enhanced.ts
   34:13  warning  Unsafe assignment of an `any` value                                                     @typescript-eslint/no-unsafe-assignment
   36:13  warning  Unsafe assignment of an `any` value                                                     @typescript-eslint/no-unsafe-assignment
   36:36  warning  Unsafe member access .id on an `any` value                                              @typescript-eslint/no-unsafe-member-access
   36:53  warning  Unsafe member access .webhook_id on an `any` value                                      @typescript-eslint/no-unsafe-member-access
   49:44  warning  Unexpected any. Specify a different type                                                @typescript-eslint/no-explicit-any
   51:11  warning  Unsafe assignment of an `any` value                                                     @typescript-eslint/no-unsafe-assignment
   52:11  warning  Unsafe assignment of an `any` value                                                     @typescript-eslint/no-unsafe-assignment
   59:50  warning  Unsafe argument of type `any` assigned to a parameter of type `Record<string, any>`     @typescript-eslint/no-unsafe-argument
   61:31  warning  Unsafe argument of type `any` assigned to a parameter of type `string | number | Date`  @typescript-eslint/no-unsafe-argument
   69:54  warning  Unsafe argument of type `any` assigned to a parameter of type `Record<string, any>`     @typescript-eslint/no-unsafe-argument
   71:31  warning  Unsafe argument of type `any` assigned to a parameter of type `string | number | Date`  @typescript-eslint/no-unsafe-argument
   79:54  warning  Unsafe argument of type `any` assigned to a parameter of type `Record<string, any>`     @typescript-eslint/no-unsafe-argument
   81:31  warning  Unsafe argument of type `any` assigned to a parameter of type `string | number | Date`  @typescript-eslint/no-unsafe-argument
   88:48  warning  Unsafe argument of type `any` assigned to a parameter of type `Record<string, any>`     @typescript-eslint/no-unsafe-argument
   90:31  warning  Unsafe argument of type `any` assigned to a parameter of type `string | number | Date`  @typescript-eslint/no-unsafe-argument
   96:22  warning  Unsafe member access .id on an `any` value                                              @typescript-eslint/no-unsafe-member-access
   96:37  warning  Unsafe member access .amount on an `any` value                                          @typescript-eslint/no-unsafe-member-access
   99:52  warning  Unsafe argument of type `any` assigned to a parameter of type `Record<string, any>`     @typescript-eslint/no-unsafe-argument
  101:33  warning  Unsafe argument of type `any` assigned to a parameter of type `string | number | Date`  @typescript-eslint/no-unsafe-argument
  112:3   warning  Async method 'pollTransactions' has no 'await' expression                               @typescript-eslint/require-await
  113:11  warning  Unsafe assignment of an `any` value                                                     @typescript-eslint/no-unsafe-assignment
  114:11  warning  Unsafe assignment of an `any` value                                                     @typescript-eslint/no-unsafe-assignment
  137:3   warning  Async method 'pollSettlements' has no 'await' expression                                @typescript-eslint/require-await
  138:11  warning  Unsafe assignment of an `any` value                                                     @typescript-eslint/no-unsafe-assignment
  139:11  warning  Unsafe assignment of an `any` value                                                     @typescript-eslint/no-unsafe-assignment
  162:3   warning  Async method 'extractFees' has no 'await' expression                                    @typescript-eslint/require-await
  168:36  warning  Unsafe argument of type `any` assigned to a parameter of type `string`                  @typescript-eslint/no-unsafe-argument
  168:60  warning  Unsafe member access .value on an `any` value                                           @typescript-eslint/no-unsafe-member-access
  169:13  warning  Unsafe assignment of an `any` value                                                     @typescript-eslint/no-unsafe-assignment
  169:51  warning  Unsafe member access .currency on an `any` value                                        @typescript-eslint/no-unsafe-member-access
  178:11  warning  Unsafe assignment of an `any` value                                                     @typescript-eslint/no-unsafe-assignment
  182:9   warning  Unsafe assignment of an `any` value                                                     @typescript-eslint/no-unsafe-assignment
  211:44  warning  Unexpected any. Specify a different type                                                @typescript-eslint/no-explicit-any
  212:11  warning  Unsafe assignment of an `any` value                                                     @typescript-eslint/no-unsafe-assignment
  217:7   warning  Unsafe assignment of an `any` value                                                     @typescript-eslint/no-unsafe-assignment
  217:26  warning  Unsafe member access .invoice_id on an `any` value                                      @typescript-eslint/no-unsafe-member-access
  217:48  warning  Unsafe member access .custom_id on an `any` value                                       @typescript-eslint/no-unsafe-member-access
  219:7   warning  Unsafe assignment of an `any` value                                                     @typescript-eslint/no-unsafe-assignment
  219:38  warning  Unsafe member access .id on an `any` value                                              @typescript-eslint/no-unsafe-member-access
  219:52  warning  Unsafe member access .transaction_id on an `any` value                                  @typescript-eslint/no-unsafe-member-access
  222:27  warning  Unsafe argument of type `any` assigned to a parameter of type `string`                  @typescript-eslint/no-unsafe-argument
  222:35  warning  Unsafe member access .amount on an `any` value                                          @typescript-eslint/no-unsafe-member-access
  222:60  warning  Unsafe member access .amount on an `any` value                                          @typescript-eslint/no-unsafe-member-access
  223:9   warning  Unsafe assignment of an `any` value                                                     @typescript-eslint/no-unsafe-assignment
  223:19  warning  Unsafe call of an `any` typed value                                                     @typescript-eslint/no-unsafe-call
  223:28  warning  Unsafe member access .amount on an `any` value                                          @typescript-eslint/no-unsafe-member-access
  223:56  warning  Unsafe member access .currency on an `any` value                                        @typescript-eslint/no-unsafe-member-access
  223:75  warning  Unsafe member access .toUpperCase on an `any` value                                     @typescript-eslint/no-unsafe-member-access
  226:7   warning  Unsafe assignment of an `any` value                                                     @typescript-eslint/no-unsafe-assignment
  227:28  warning  Unsafe argument of type `any` assigned to a parameter of type `string | number | Date`  @typescript-eslint/no-unsafe-argument
  227:36  warning  Unsafe member access .create_time on an `any` value                                     @typescript-eslint/no-unsafe-member-access
  227:59  warning  Unsafe member access .created_time on an `any` value                                    @typescript-eslint/no-unsafe-member-access
  228:27  warning  Unsafe argument of type `any` assigned to a parameter of type `string | number | Date`  @typescript-eslint/no-unsafe-argument
  228:35  warning  Unsafe member access .update_time on an `any` value                                     @typescript-eslint/no-unsafe-member-access
  228:58  warning  Unsafe member access .updated_time on an `any` value                                    @typescript-eslint/no-unsafe-member-access
  231:17  warning  Unsafe member access .transaction_fee on an `any` value                                 @typescript-eslint/no-unsafe-member-access
  234:22  warning  Unsafe argument of type `any` assigned to a parameter of type `string`                  @typescript-eslint/no-unsafe-argument
  234:30  warning  Unsafe member access .amount on an `any` value                                          @typescript-eslint/no-unsafe-member-access
  234:55  warning  Unsafe member access .amount on an `any` value                                          @typescript-eslint/no-unsafe-member-access
  235:22  warning  Unsafe argument of type `any` assigned to a parameter of type `string`                  @typescript-eslint/no-unsafe-argument
  235:30  warning  Unsafe member access .transaction_fee on an `any` value                                 @typescript-eslint/no-unsafe-member-access
  236:9   warning  Unsafe assignment of an `any` value                                                     @typescript-eslint/no-unsafe-assignment
  236:19  warning  Unsafe call of an `any` typed value                                                     @typescript-eslint/no-unsafe-call
  236:28  warning  Unsafe member access .amount on an `any` value                                          @typescript-eslint/no-unsafe-member-access
  236:56  warning  Unsafe member access .currency on an `any` value                                        @typescript-eslint/no-unsafe-member-access
  236:75  warning  Unsafe member access .toUpperCase on an `any` value                                     @typescript-eslint/no-unsafe-member-access
  246:43  warning  Unexpected any. Specify a different type                                                @typescript-eslint/no-explicit-any
  247:11  warning  Unsafe assignment of an `any` value                                                     @typescript-eslint/no-unsafe-assignment
  253:7   warning  Unsafe assignment of an `any` value                                                     @typescript-eslint/no-unsafe-assignment
  253:36  warning  Unsafe member access .payout_batch_id on an `any` value                                 @typescript-eslint/no-unsafe-member-access
  253:62  warning  Unsafe member access .id on an `any` value                                              @typescript-eslint/no-unsafe-member-access
  255:27  warning  Unsafe argument of type `any` assigned to a parameter of type `string`                  @typescript-eslint/no-unsafe-argument
  255:34  warning  Unsafe member access .amount on an `any` value                                          @typescript-eslint/no-unsafe-member-access
  255:58  warning  Unsafe member access .amount on an `any` value                                          @typescript-eslint/no-unsafe-member-access
  256:9   warning  Unsafe assignment of an `any` value                                                     @typescript-eslint/no-unsafe-assignment
  256:19  warning  Unsafe call of an `any` typed value                                                     @typescript-eslint/no-unsafe-call
  256:27  warning  Unsafe member access .amount on an `any` value                                          @typescript-eslint/no-unsafe-member-access
  256:54  warning  Unsafe member access .currency on an `any` value                                        @typescript-eslint/no-unsafe-member-access
  256:73  warning  Unsafe member access .toUpperCase on an `any` value                                     @typescript-eslint/no-unsafe-member-access
  258:7   warning  Unsafe assignment of an `any` value                                                     @typescript-eslint/no-unsafe-assignment
  258:17  warning  Unsafe call of an `any` typed value                                                     @typescript-eslint/no-unsafe-call
  258:25  warning  Unsafe member access .amount on an `any` value                                          @typescript-eslint/no-unsafe-member-access
  258:52  warning  Unsafe member access .currency on an `any` value                                        @typescript-eslint/no-unsafe-member-access
  258:71  warning  Unsafe member access .toUpperCase on an `any` value                                     @typescript-eslint/no-unsafe-member-access
  259:7   warning  Unsafe assignment of an `any` value                                                     @typescript-eslint/no-unsafe-assignment
  259:22  warning  Unsafe member access .exchange_rate on an `any` value                                   @typescript-eslint/no-unsafe-member-access
  260:32  warning  Unsafe argument of type `any` assigned to a parameter of type `string | number | Date`  @typescript-eslint/no-unsafe-argument
  260:39  warning  Unsafe member access .time_processed on an `any` value                                  @typescript-eslint/no-unsafe-member-access
  260:64  warning  Unsafe member access .processed_time on an `any` value                                  @typescript-eslint/no-unsafe-member-access
  261:30  warning  Unsafe argument of type `any` assigned to a parameter of type `string | number | Date`  @typescript-eslint/no-unsafe-argument
  261:37  warning  Unsafe member access .time_processed on an `any` value                                  @typescript-eslint/no-unsafe-member-access
  261:62  warning  Unsafe member access .processed_time on an `any` value                                  @typescript-eslint/no-unsafe-member-access
  263:7   warning  Unsafe assignment of an `any` value                                                     @typescript-eslint/no-unsafe-assignment
  264:27  warning  Unsafe argument of type `any` assigned to a parameter of type `string | number | Date`  @typescript-eslint/no-unsafe-argument
  264:34  warning  Unsafe member access .create_time on an `any` value                                     @typescript-eslint/no-unsafe-member-access
  264:56  warning  Unsafe member access .created_time on an `any` value                                    @typescript-eslint/no-unsafe-member-access
  265:27  warning  Unsafe argument of type `any` assigned to a parameter of type `string | number | Date`  @typescript-eslint/no-unsafe-argument
  265:34  warning  Unsafe member access .update_time on an `any` value                                     @typescript-eslint/no-unsafe-member-access
  265:56  warning  Unsafe member access .updated_time on an `any` value                                    @typescript-eslint/no-unsafe-member-access
  273:25  warning  Unexpected any. Specify a different type                                                @typescript-eslint/no-explicit-any
  280:7   warning  Unsafe assignment of an `any` value                                                     @typescript-eslint/no-unsafe-assignment
  283:27  warning  Unsafe argument of type `any` assigned to a parameter of type `string`                  @typescript-eslint/no-unsafe-argument
  283:39  warning  Unsafe member access .value on an `any` value                                           @typescript-eslint/no-unsafe-member-access
  284:9   warning  Unsafe assignment of an `any` value                                                     @typescript-eslint/no-unsafe-assignment
  284:19  warning  Unsafe call of an `any` typed value                                                     @typescript-eslint/no-unsafe-call
  284:32  warning  Unsafe member access .currency on an `any` value                                        @typescript-eslint/no-unsafe-member-access
  284:67  warning  Unsafe member access .toUpperCase on an `any` value                                     @typescript-eslint/no-unsafe-member-access
  287:7   warning  Unsafe assignment of an `any` value                                                     @typescript-eslint/no-unsafe-assignment
  288:7   warning  Unsafe assignment of an `any` value                                                     @typescript-eslint/no-unsafe-assignment
  289:7   warning  Unsafe assignment of an `any` value                                                     @typescript-eslint/no-unsafe-assignment
  291:27  warning  Unsafe argument of type `any` assigned to a parameter of type `string | number | Date`  @typescript-eslint/no-unsafe-argument
  292:27  warning  Unsafe argument of type `any` assigned to a parameter of type `string | number | Date`  @typescript-eslint/no-unsafe-argument
  310:39  warning  Unexpected any. Specify a different type                                                @typescript-eslint/no-explicit-any
  311:17  warning  Unsafe member access .state on an `any` value                                           @typescript-eslint/no-unsafe-member-access
  312:17  warning  Unsafe member access .state on an `any` value                                           @typescript-eslint/no-unsafe-member-access
  312:47  warning  Unsafe member access .state on an `any` value                                           @typescript-eslint/no-unsafe-member-access
  313:17  warning  Unsafe member access .state on an `any` value                                           @typescript-eslint/no-unsafe-member-access
  313:50  warning  Unsafe member access .state on an `any` value                                           @typescript-eslint/no-unsafe-member-access
  320:41  warning  Unexpected any. Specify a different type                                                @typescript-eslint/no-explicit-any
  321:17  warning  Unsafe member access .state on an `any` value                                           @typescript-eslint/no-unsafe-member-access
  322:17  warning  Unsafe member access .state on an `any` value                                           @typescript-eslint/no-unsafe-member-access
  322:47  warning  Unsafe member access .state on an `any` value                                           @typescript-eslint/no-unsafe-member-access
  323:17  warning  Unsafe member access .state on an `any` value                                           @typescript-eslint/no-unsafe-member-access
  323:50  warning  Unsafe member access .state on an `any` value                                           @typescript-eslint/no-unsafe-member-access
  330:39  warning  Unexpected any. Specify a different type                                                @typescript-eslint/no-explicit-any
  331:16  warning  Unsafe member access .payout_status on an `any` value                                   @typescript-eslint/no-unsafe-member-access
  331:54  warning  Unsafe member access .status on an `any` value                                          @typescript-eslint/no-unsafe-member-access
  332:16  warning  Unsafe member access .payout_status on an `any` value                                   @typescript-eslint/no-unsafe-member-access
  332:53  warning  Unsafe member access .status on an `any` value                                          @typescript-eslint/no-unsafe-member-access
  339:39  warning  Unexpected any. Specify a different type                                                @typescript-eslint/no-explicit-any
  340:13  warning  Unsafe member access .state on an `any` value                                           @typescript-eslint/no-unsafe-member-access
  340:42  warning  Unsafe member access .status on an `any` value                                          @typescript-eslint/no-unsafe-member-access
  341:13  warning  Unsafe member access .state on an `any` value                                           @typescript-eslint/no-unsafe-member-access
  341:39  warning  Unsafe member access .status on an `any` value                                          @typescript-eslint/no-unsafe-member-access
  342:13  warning  Unsafe member access .state on an `any` value                                           @typescript-eslint/no-unsafe-member-access
  342:42  warning  Unsafe member access .status on an `any` value                                          @typescript-eslint/no-unsafe-member-access

/workspace/packages/adapters/src/paypal-payouts.ts
  45:11  warning  Unsafe assignment of an `any` value                   @typescript-eslint/no-unsafe-assignment
  46:11  warning  Unsafe assignment of an `any` value                   @typescript-eslint/no-unsafe-assignment
  46:26  warning  Unsafe member access .items on an `any` value         @typescript-eslint/no-unsafe-member-access
  48:5   warning  Unsafe return of an `any` typed value                 @typescript-eslint/no-unsafe-return
  48:12  warning  Unsafe call of an `any` typed value                   @typescript-eslint/no-unsafe-call
  48:20  warning  Unsafe member access .map on an `any` value           @typescript-eslint/no-unsafe-member-access
  68:11  warning  Unsafe assignment of an `any` value                   @typescript-eslint/no-unsafe-assignment
  69:5   warning  Unsafe return of an `any` typed value                 @typescript-eslint/no-unsafe-return
  69:17  warning  Unsafe member access .access_token on an `any` value  @typescript-eslint/no-unsafe-member-access

/workspace/packages/adapters/src/paypal.ts
  7:3  warning  Async method 'fetch' has no 'await' expression  @typescript-eslint/require-await

/workspace/packages/adapters/src/quickbooks.ts
  7:3  warning  Async method 'fetch' has no 'await' expression  @typescript-eslint/require-await

/workspace/packages/adapters/src/shopify.ts
  7:3  warning  Async method 'fetch' has no 'await' expression  @typescript-eslint/require-await

/workspace/packages/adapters/src/square-enhanced.ts
   52:44  warning  Unexpected any. Specify a different type                                                @typescript-eslint/no-explicit-any
   54:11  warning  Unsafe assignment of an `any` value                                                     @typescript-eslint/no-unsafe-assignment
   55:11  warning  Unsafe assignment of an `any` value                                                     @typescript-eslint/no-unsafe-assignment
   60:18  warning  Unsafe member access .object on an `any` value                                          @typescript-eslint/no-unsafe-member-access
   63:52  warning  Unsafe argument of type `any` assigned to a parameter of type `Record<string, any>`     @typescript-eslint/no-unsafe-argument
   63:57  warning  Unsafe member access .object on an `any` value                                          @typescript-eslint/no-unsafe-member-access
   65:33  warning  Unsafe argument of type `any` assigned to a parameter of type `string | number | Date`  @typescript-eslint/no-unsafe-argument
   72:18  warning  Unsafe member access .object on an `any` value                                          @typescript-eslint/no-unsafe-member-access
   75:56  warning  Unsafe argument of type `any` assigned to a parameter of type `Record<string, any>`     @typescript-eslint/no-unsafe-argument
   75:61  warning  Unsafe member access .object on an `any` value                                          @typescript-eslint/no-unsafe-member-access
   77:33  warning  Unsafe argument of type `any` assigned to a parameter of type `string | number | Date`  @typescript-eslint/no-unsafe-argument
   84:18  warning  Unsafe member access .object on an `any` value                                          @typescript-eslint/no-unsafe-member-access
   87:56  warning  Unsafe argument of type `any` assigned to a parameter of type `Record<string, any>`     @typescript-eslint/no-unsafe-argument
   87:61  warning  Unsafe member access .object on an `any` value                                          @typescript-eslint/no-unsafe-member-access
   89:33  warning  Unsafe argument of type `any` assigned to a parameter of type `string | number | Date`  @typescript-eslint/no-unsafe-argument
   96:18  warning  Unsafe member access .object on an `any` value                                          @typescript-eslint/no-unsafe-member-access
   99:50  warning  Unsafe argument of type `any` assigned to a parameter of type `Record<string, any>`     @typescript-eslint/no-unsafe-argument
   99:55  warning  Unsafe member access .object on an `any` value                                          @typescript-eslint/no-unsafe-member-access
  101:33  warning  Unsafe argument of type `any` assigned to a parameter of type `string | number | Date`  @typescript-eslint/no-unsafe-argument
  108:18  warning  Unsafe member access .object on an `any` value                                          @typescript-eslint/no-unsafe-member-access
  111:52  warning  Unsafe argument of type `any` assigned to a parameter of type `Record<string, any>`     @typescript-eslint/no-unsafe-argument
  111:57  warning  Unsafe member access .object on an `any` value                                          @typescript-eslint/no-unsafe-member-access
  113:33  warning  Unsafe argument of type `any` assigned to a parameter of type `string | number | Date`  @typescript-eslint/no-unsafe-argument
  124:3   warning  Async method 'pollTransactions' has no 'await' expression                               @typescript-eslint/require-await
  125:11  warning  Unsafe assignment of an `any` value                                                     @typescript-eslint/no-unsafe-assignment
  151:3   warning  Async method 'pollSettlements' has no 'await' expression                                @typescript-eslint/require-await
  152:11  warning  Unsafe assignment of an `any` value                                                     @typescript-eslint/no-unsafe-assignment
  178:3   warning  Async method 'extractFees' has no 'await' expression                                    @typescript-eslint/require-await
  190:29  warning  Unsafe argument of type `any` assigned to a parameter of type `string`                  @typescript-eslint/no-unsafe-argument
  190:58  warning  Unsafe member access .amount on an `any` value                                          @typescript-eslint/no-unsafe-member-access
  191:11  warning  Unsafe assignment of an `any` value                                                     @typescript-eslint/no-unsafe-assignment
  191:50  warning  Unsafe member access .currency on an `any` value                                        @typescript-eslint/no-unsafe-member-access
  196:27  warning  Unsafe argument of type `any` assigned to a parameter of type `string`                  @typescript-eslint/no-unsafe-argument
  196:56  warning  Unsafe member access .amount on an `any` value                                          @typescript-eslint/no-unsafe-member-access
  201:9   warning  Unsafe assignment of an `any` value                                                     @typescript-eslint/no-unsafe-assignment
  212:44  warning  Unexpected any. Specify a different type                                                @typescript-eslint/no-explicit-any
  213:11  warning  Unsafe assignment of an `any` value                                                     @typescript-eslint/no-unsafe-assignment
  218:7   warning  Unsafe assignment of an `any` value                                                     @typescript-eslint/no-unsafe-assignment
  218:26  warning  Unsafe member access .order_id on an `any` value                                        @typescript-eslint/no-unsafe-member-access
  218:46  warning  Unsafe member access .reference_id on an `any` value                                    @typescript-eslint/no-unsafe-member-access
  220:7   warning  Unsafe assignment of an `any` value                                                     @typescript-eslint/no-unsafe-assignment
  220:38  warning  Unsafe member access .id on an `any` value                                              @typescript-eslint/no-unsafe-member-access
  223:27  warning  Unsafe argument of type `any` assigned to a parameter of type `string`                  @typescript-eslint/no-unsafe-argument
  223:35  warning  Unsafe member access .total_money on an `any` value                                     @typescript-eslint/no-unsafe-member-access
  223:66  warning  Unsafe member access .amount_money on an `any` value                                    @typescript-eslint/no-unsafe-member-access
  224:9   warning  Unsafe assignment of an `any` value                                                     @typescript-eslint/no-unsafe-assignment
  224:19  warning  Unsafe call of an `any` typed value                                                     @typescript-eslint/no-unsafe-call
  225:19  warning  Unsafe member access .total_money on an `any` value                                     @typescript-eslint/no-unsafe-member-access
  226:19  warning  Unsafe member access .amount_money on an `any` value                                    @typescript-eslint/no-unsafe-member-access
  228:11  warning  Unsafe member access .toUpperCase on an `any` value                                     @typescript-eslint/no-unsafe-member-access
  231:7   warning  Unsafe assignment of an `any` value                                                     @typescript-eslint/no-unsafe-assignment
  232:28  warning  Unsafe argument of type `any` assigned to a parameter of type `string | number | Date`  @typescript-eslint/no-unsafe-argument
  232:36  warning  Unsafe member access .created_at on an `any` value                                      @typescript-eslint/no-unsafe-member-access
  233:27  warning  Unsafe argument of type `any` assigned to a parameter of type `string | number | Date`  @typescript-eslint/no-unsafe-argument
  233:35  warning  Unsafe member access .updated_at on an `any` value                                      @typescript-eslint/no-unsafe-member-access
  236:17  warning  Unsafe member access .processing_fee_money on an `any` value                            @typescript-eslint/no-unsafe-member-access
  239:23  warning  Unsafe argument of type `any` assigned to a parameter of type `string`                  @typescript-eslint/no-unsafe-argument
  239:31  warning  Unsafe member access .total_money on an `any` value                                     @typescript-eslint/no-unsafe-member-access
  240:24  warning  Unsafe argument of type `any` assigned to a parameter of type `string`                  @typescript-eslint/no-unsafe-argument
  240:32  warning  Unsafe member access .processing_fee_money on an `any` value                            @typescript-eslint/no-unsafe-member-access
  242:9   warning  Unsafe assignment of an `any` value                                                     @typescript-eslint/no-unsafe-assignment
  242:19  warning  Unsafe call of an `any` typed value                                                     @typescript-eslint/no-unsafe-call
  242:28  warning  Unsafe member access .total_money on an `any` value                                     @typescript-eslint/no-unsafe-member-access
  242:60  warning  Unsafe member access .toUpperCase on an `any` value                                     @typescript-eslint/no-unsafe-member-access
  252:43  warning  Unexpected any. Specify a different type                                                @typescript-eslint/no-explicit-any
  253:11  warning  Unsafe assignment of an `any` value                                                     @typescript-eslint/no-unsafe-assignment
  259:7   warning  Unsafe assignment of an `any` value                                                     @typescript-eslint/no-unsafe-assignment
  259:40  warning  Unsafe member access .id on an `any` value                                              @typescript-eslint/no-unsafe-member-access
  261:27  warning  Unsafe argument of type `any` assigned to a parameter of type `string`                  @typescript-eslint/no-unsafe-argument
  261:38  warning  Unsafe member access .total_money on an `any` value                                     @typescript-eslint/no-unsafe-member-access
  262:9   warning  Unsafe assignment of an `any` value                                                     @typescript-eslint/no-unsafe-assignment
  262:19  warning  Unsafe call of an `any` typed value                                                     @typescript-eslint/no-unsafe-call
  262:31  warning  Unsafe member access .total_money on an `any` value                                     @typescript-eslint/no-unsafe-member-access
  262:63  warning  Unsafe member access .toUpperCase on an `any` value                                     @typescript-eslint/no-unsafe-member-access
  264:7   warning  Unsafe assignment of an `any` value                                                     @typescript-eslint/no-unsafe-assignment
  264:17  warning  Unsafe call of an `any` typed value                                                     @typescript-eslint/no-unsafe-call
  264:29  warning  Unsafe member access .total_money on an `any` value                                     @typescript-eslint/no-unsafe-member-access
  264:61  warning  Unsafe member access .toUpperCase on an `any` value                                     @typescript-eslint/no-unsafe-member-access
  265:7   warning  Unsafe assignment of an `any` value                                                     @typescript-eslint/no-unsafe-assignment
  265:26  warning  Unsafe member access .exchange_rate on an `any` value                                   @typescript-eslint/no-unsafe-member-access
  266:32  warning  Unsafe argument of type `any` assigned to a parameter of type `string | number | Date`  @typescript-eslint/no-unsafe-argument
  266:43  warning  Unsafe member access .initiated_at on an `any` value                                    @typescript-eslint/no-unsafe-member-access
  266:70  warning  Unsafe member access .created_at on an `any` value                                      @typescript-eslint/no-unsafe-member-access
  267:30  warning  Unsafe argument of type `any` assigned to a parameter of type `string | number | Date`  @typescript-eslint/no-unsafe-argument
  267:41  warning  Unsafe member access .expected_at on an `any` value                                     @typescript-eslint/no-unsafe-member-access
  267:67  warning  Unsafe member access .initiated_at on an `any` value                                    @typescript-eslint/no-unsafe-member-access
  269:7   warning  Unsafe assignment of an `any` value                                                     @typescript-eslint/no-unsafe-assignment
  270:27  warning  Unsafe argument of type `any` assigned to a parameter of type `string | number | Date`  @typescript-eslint/no-unsafe-argument
  270:38  warning  Unsafe member access .created_at on an `any` value                                      @typescript-eslint/no-unsafe-member-access
  271:27  warning  Unsafe argument of type `any` assigned to a parameter of type `string | number | Date`  @typescript-eslint/no-unsafe-argument
  271:38  warning  Unsafe member access .updated_at on an `any` value                                      @typescript-eslint/no-unsafe-member-access
  279:25  warning  Unexpected any. Specify a different type                                                @typescript-eslint/no-explicit-any
  286:7   warning  Unsafe assignment of an `any` value                                                     @typescript-eslint/no-unsafe-assignment
  289:27  warning  Unsafe argument of type `any` assigned to a parameter of type `string`                  @typescript-eslint/no-unsafe-argument
  289:45  warning  Unsafe member access .amount on an `any` value                                          @typescript-eslint/no-unsafe-member-access
  289:75  warning  Unsafe member access .amount on an `any` value                                          @typescript-eslint/no-unsafe-member-access
  290:9   warning  Unsafe assignment of an `any` value                                                     @typescript-eslint/no-unsafe-assignment
  290:19  warning  Unsafe call of an `any` typed value                                                     @typescript-eslint/no-unsafe-call
  291:29  warning  Unsafe member access .currency on an `any` value                                        @typescript-eslint/no-unsafe-member-access
  292:31  warning  Unsafe member access .currency on an `any` value                                        @typescript-eslint/no-unsafe-member-access
  294:11  warning  Unsafe member access .toUpperCase on an `any` value                                     @typescript-eslint/no-unsafe-member-access
  297:7   warning  Unsafe assignment of an `any` value                                                     @typescript-eslint/no-unsafe-assignment
  298:7   warning  Unsafe assignment of an `any` value                                                     @typescript-eslint/no-unsafe-assignment
  299:7   warning  Unsafe assignment of an `any` value                                                     @typescript-eslint/no-unsafe-assignment
  301:27  warning  Unsafe argument of type `any` assigned to a parameter of type `string | number | Date`  @typescript-eslint/no-unsafe-argument
  302:27  warning  Unsafe argument of type `any` assigned to a parameter of type `string | number | Date`  @typescript-eslint/no-unsafe-argument
  320:39  warning  Unexpected any. Specify a different type                                                @typescript-eslint/no-explicit-any
  321:17  warning  Unsafe member access .refund_ids on an `any` value                                      @typescript-eslint/no-unsafe-member-access
  321:39  warning  Unsafe member access .refund_ids on an `any` value                                      @typescript-eslint/no-unsafe-member-access
  322:17  warning  Unsafe member access .dispute_ids on an `any` value                                     @typescript-eslint/no-unsafe-member-access
  322:40  warning  Unsafe member access .dispute_ids on an `any` value                                     @typescript-eslint/no-unsafe-member-access
  323:17  warning  Unsafe member access .status on an `any` value                                          @typescript-eslint/no-unsafe-member-access
  330:41  warning  Unexpected any. Specify a different type                                                @typescript-eslint/no-explicit-any
  331:17  warning  Unsafe member access .status on an `any` value                                          @typescript-eslint/no-unsafe-member-access
  332:17  warning  Unsafe member access .status on an `any` value                                          @typescript-eslint/no-unsafe-member-access
  333:17  warning  Unsafe member access .status on an `any` value                                          @typescript-eslint/no-unsafe-member-access
  340:43  warning  Unexpected any. Specify a different type                                                @typescript-eslint/no-explicit-any
  341:20  warning  Unsafe member access .status on an `any` value                                          @typescript-eslint/no-unsafe-member-access
  342:20  warning  Unsafe member access .status on an `any` value                                          @typescript-eslint/no-unsafe-member-access
  349:39  warning  Unexpected any. Specify a different type                                                @typescript-eslint/no-explicit-any
  350:13  warning  Unsafe member access .status on an `any` value                                          @typescript-eslint/no-unsafe-member-access
  350:43  warning  Unsafe member access .status on an `any` value                                          @typescript-eslint/no-unsafe-member-access
  351:13  warning  Unsafe member access .status on an `any` value                                          @typescript-eslint/no-unsafe-member-access
  351:40  warning  Unsafe member access .status on an `any` value                                          @typescript-eslint/no-unsafe-member-access
  352:13  warning  Unsafe member access .status on an `any` value                                          @typescript-eslint/no-unsafe-member-access

/workspace/packages/adapters/src/stripe-enhanced.ts
   58:44  warning  Unexpected any. Specify a different type                                                @typescript-eslint/no-explicit-any
   60:11  warning  Unsafe assignment of an `any` value                                                     @typescript-eslint/no-unsafe-assignment
   61:11  warning  Unsafe assignment of an `any` value                                                     @typescript-eslint/no-unsafe-assignment
   61:32  warning  Unsafe member access .object on an `any` value                                          @typescript-eslint/no-unsafe-member-access
   68:50  warning  Unsafe argument of type `any` assigned to a parameter of type `Record<string, any>`     @typescript-eslint/no-unsafe-argument
   78:54  warning  Unsafe argument of type `any` assigned to a parameter of type `Record<string, any>`     @typescript-eslint/no-unsafe-argument
   87:54  warning  Unsafe argument of type `any` assigned to a parameter of type `Record<string, any>`     @typescript-eslint/no-unsafe-argument
   96:48  warning  Unsafe argument of type `any` assigned to a parameter of type `Record<string, any>`     @typescript-eslint/no-unsafe-argument
  104:18  warning  Unsafe member access .id on an `any` value                                              @typescript-eslint/no-unsafe-member-access
  104:29  warning  Unsafe member access .amount on an `any` value                                          @typescript-eslint/no-unsafe-member-access
  107:52  warning  Unsafe argument of type `any` assigned to a parameter of type `Record<string, any>`     @typescript-eslint/no-unsafe-argument
  127:7   warning  Unsafe assignment of an `any` value                                                     @typescript-eslint/no-unsafe-assignment
  127:35  warning  Unexpected any. Specify a different type                                                @typescript-eslint/no-explicit-any
  139:41  warning  Unsafe argument of type `any` assigned to a parameter of type `string`                  @typescript-eslint/no-unsafe-argument
  153:7   warning  Unsafe assignment of an `any` value                                                     @typescript-eslint/no-unsafe-assignment
  153:35  warning  Unexpected any. Specify a different type                                                @typescript-eslint/no-explicit-any
  165:40  warning  Unsafe argument of type `any` assigned to a parameter of type `string`                  @typescript-eslint/no-unsafe-argument
  172:3   warning  Async method 'extractFees' has no 'await' expression                                    @typescript-eslint/require-await
  177:13  warning  Unsafe assignment of an `any` value                                                     @typescript-eslint/no-unsafe-assignment
  179:21  warning  Unsafe member access .fee on an `any` value                                             @typescript-eslint/no-unsafe-member-access
  186:30  warning  Unsafe member access .fee on an `any` value                                             @typescript-eslint/no-unsafe-member-access
  192:28  warning  Unsafe member access .fee on an `any` value                                             @typescript-eslint/no-unsafe-member-access
  194:11  warning  Unsafe assignment of an `any` value                                                     @typescript-eslint/no-unsafe-assignment
  206:44  warning  Unexpected any. Specify a different type                                                @typescript-eslint/no-explicit-any
  207:11  warning  Unsafe assignment of an `any` value                                                     @typescript-eslint/no-unsafe-assignment
  212:7   warning  Unsafe assignment of an `any` value                                                     @typescript-eslint/no-unsafe-assignment
  212:25  warning  Unsafe member access .metadata on an `any` value                                        @typescript-eslint/no-unsafe-member-access
  214:7   warning  Unsafe assignment of an `any` value                                                     @typescript-eslint/no-unsafe-assignment
  214:37  warning  Unsafe member access .id on an `any` value                                              @typescript-eslint/no-unsafe-member-access
  217:23  warning  Unsafe member access .amount on an `any` value                                          @typescript-eslint/no-unsafe-member-access
  218:9   warning  Unsafe assignment of an `any` value                                                     @typescript-eslint/no-unsafe-assignment
  218:19  warning  Unsafe call of an `any` typed value                                                     @typescript-eslint/no-unsafe-call
  218:26  warning  Unsafe member access .currency on an `any` value                                        @typescript-eslint/no-unsafe-member-access
  221:7   warning  Unsafe assignment of an `any` value                                                     @typescript-eslint/no-unsafe-assignment
  222:35  warning  Unsafe member access .created on an `any` value                                         @typescript-eslint/no-unsafe-member-access
  223:27  warning  Unsafe argument of type `any` assigned to a parameter of type `string | number | Date`  @typescript-eslint/no-unsafe-argument
  223:34  warning  Unsafe member access .updated on an `any` value                                         @typescript-eslint/no-unsafe-member-access
  223:52  warning  Unsafe member access .created on an `any` value                                         @typescript-eslint/no-unsafe-member-access
  226:16  warning  Unsafe member access .balance_transaction on an `any` value                             @typescript-eslint/no-unsafe-member-access
  228:24  warning  Unsafe member access .amount on an `any` value                                          @typescript-eslint/no-unsafe-member-access
  228:40  warning  Unsafe member access .balance_transaction on an `any` value                             @typescript-eslint/no-unsafe-member-access
  229:9   warning  Unsafe assignment of an `any` value                                                     @typescript-eslint/no-unsafe-assignment
  229:19  warning  Unsafe call of an `any` typed value                                                     @typescript-eslint/no-unsafe-call
  229:26  warning  Unsafe member access .currency on an `any` value                                        @typescript-eslint/no-unsafe-member-access
  239:43  warning  Unexpected any. Specify a different type                                                @typescript-eslint/no-explicit-any
  240:11  warning  Unsafe assignment of an `any` value                                                     @typescript-eslint/no-unsafe-assignment
  246:7   warning  Unsafe assignment of an `any` value                                                     @typescript-eslint/no-unsafe-assignment
  246:36  warning  Unsafe member access .id on an `any` value                                              @typescript-eslint/no-unsafe-member-access
  248:23  warning  Unsafe member access .amount on an `any` value                                          @typescript-eslint/no-unsafe-member-access
  249:9   warning  Unsafe assignment of an `any` value                                                     @typescript-eslint/no-unsafe-assignment
  249:19  warning  Unsafe call of an `any` typed value                                                     @typescript-eslint/no-unsafe-call
  249:26  warning  Unsafe member access .currency on an `any` value                                        @typescript-eslint/no-unsafe-member-access
  251:7   warning  Unsafe assignment of an `any` value                                                     @typescript-eslint/no-unsafe-assignment
  251:17  warning  Unsafe call of an `any` typed value                                                     @typescript-eslint/no-unsafe-call
  251:24  warning  Unsafe member access .currency on an `any` value                                        @typescript-eslint/no-unsafe-member-access
  252:7   warning  Unsafe assignment of an `any` value                                                     @typescript-eslint/no-unsafe-assignment
  252:22  warning  Unsafe member access .exchange_rate on an `any` value                                   @typescript-eslint/no-unsafe-member-access
  253:39  warning  Unsafe member access .arrival_date on an `any` value                                    @typescript-eslint/no-unsafe-member-access
  254:37  warning  Unsafe member access .arrival_date on an `any` value                                    @typescript-eslint/no-unsafe-member-access
  256:7   warning  Unsafe assignment of an `any` value                                                     @typescript-eslint/no-unsafe-assignment
  257:34  warning  Unsafe member access .created on an `any` value                                         @typescript-eslint/no-unsafe-member-access
  258:34  warning  Unsafe member access .created on an `any` value                                         @typescript-eslint/no-unsafe-member-access
  266:25  warning  Unexpected any. Specify a different type                                                @typescript-eslint/no-explicit-any
  273:7   warning  Unsafe assignment of an `any` value                                                     @typescript-eslint/no-unsafe-assignment
  277:9   warning  Unsafe assignment of an `any` value                                                     @typescript-eslint/no-unsafe-assignment
  277:34  warning  Unsafe call of an `any` typed value                                                     @typescript-eslint/no-unsafe-call
  277:47  warning  Unsafe member access .toUpperCase on an `any` value                                     @typescript-eslint/no-unsafe-member-access
  280:7   warning  Unsafe assignment of an `any` value                                                     @typescript-eslint/no-unsafe-assignment
  281:7   warning  Unsafe assignment of an `any` value                                                     @typescript-eslint/no-unsafe-assignment
  282:7   warning  Unsafe assignment of an `any` value                                                     @typescript-eslint/no-unsafe-assignment
  285:27  warning  Unsafe argument of type `any` assigned to a parameter of type `string | number | Date`  @typescript-eslint/no-unsafe-argument
  303:38  warning  Unexpected any. Specify a different type                                                @typescript-eslint/no-explicit-any
  304:16  warning  Unsafe member access .refunded on an `any` value                                        @typescript-eslint/no-unsafe-member-access
  305:16  warning  Unsafe member access .disputed on an `any` value                                        @typescript-eslint/no-unsafe-member-access
  306:16  warning  Unsafe member access .captured on an `any` value                                        @typescript-eslint/no-unsafe-member-access
  313:40  warning  Unexpected any. Specify a different type                                                @typescript-eslint/no-explicit-any
  314:16  warning  Unsafe member access .refunded on an `any` value                                        @typescript-eslint/no-unsafe-member-access
  315:16  warning  Unsafe member access .disputed on an `any` value                                        @typescript-eslint/no-unsafe-member-access
  316:16  warning  Unsafe member access .paid on an `any` value                                            @typescript-eslint/no-unsafe-member-access
  317:16  warning  Unsafe member access .failed on an `any` value                                          @typescript-eslint/no-unsafe-member-access
  324:39  warning  Unexpected any. Specify a different type                                                @typescript-eslint/no-explicit-any
  325:16  warning  Unsafe member access .status on an `any` value                                          @typescript-eslint/no-unsafe-member-access
  326:16  warning  Unsafe member access .status on an `any` value                                          @typescript-eslint/no-unsafe-member-access
  333:39  warning  Unexpected any. Specify a different type                                                @typescript-eslint/no-explicit-any
  334:13  warning  Unsafe member access .status on an `any` value                                          @typescript-eslint/no-unsafe-member-access
  334:43  warning  Unsafe member access .status on an `any` value                                          @typescript-eslint/no-unsafe-member-access
  335:13  warning  Unsafe member access .status on an `any` value                                          @typescript-eslint/no-unsafe-member-access
  335:40  warning  Unsafe member access .status on an `any` value                                          @typescript-eslint/no-unsafe-member-access
  336:13  warning  Unsafe member access .status on an `any` value                                          @typescript-eslint/no-unsafe-member-access

/workspace/packages/adapters/src/stripe.ts
  17:7   warning  Unsafe assignment of an `any` value       @typescript-eslint/no-unsafe-assignment
  17:35  warning  Unexpected any. Specify a different type  @typescript-eslint/no-explicit-any

/workspace/packages/adapters/src/tiktok-shop.ts
  52:15  warning  Unsafe assignment of an `any` value           @typescript-eslint/no-unsafe-assignment
  53:15  warning  Unsafe assignment of an `any` value           @typescript-eslint/no-unsafe-assignment
  53:33  warning  Unsafe member access .data on an `any` value  @typescript-eslint/no-unsafe-member-access
  54:22  warning  Unsafe spread of an `any` type                @typescript-eslint/no-unsafe-argument
  54:25  warning  Unsafe call of an `any` typed value           @typescript-eslint/no-unsafe-call
  54:32  warning  Unsafe member access .map on an `any` value   @typescript-eslint/no-unsafe-member-access
  80:15  warning  Unsafe assignment of an `any` value           @typescript-eslint/no-unsafe-assignment
  81:15  warning  Unsafe assignment of an `any` value           @typescript-eslint/no-unsafe-assignment
  81:33  warning  Unsafe member access .data on an `any` value  @typescript-eslint/no-unsafe-member-access
  82:22  warning  Unsafe spread of an `any` type                @typescript-eslint/no-unsafe-argument
  82:25  warning  Unsafe call of an `any` typed value           @typescript-eslint/no-unsafe-call
  82:33  warning  Unsafe member access .map on an `any` value   @typescript-eslint/no-unsafe-member-access

/workspace/packages/adapters/src/whatsapp-telegram.ts
  45:3  warning  Async method 'fetchWhatsAppPayments' has no 'await' expression  @typescript-eslint/require-await
  59:3  warning  Async method 'fetchTelegramPayments' has no 'await' expression  @typescript-eslint/require-await

/workspace/packages/adapters/src/wix-stores.ts
  22:18  warning  Unexpected any. Specify a different type        @typescript-eslint/no-explicit-any
  29:13  warning  Unsafe member access .query on an `any` value   @typescript-eslint/no-unsafe-member-access
  51:11  warning  Unsafe assignment of an `any` value             @typescript-eslint/no-unsafe-assignment
  52:11  warning  Unsafe assignment of an `any` value             @typescript-eslint/no-unsafe-assignment
  52:25  warning  Unsafe member access .orders on an `any` value  @typescript-eslint/no-unsafe-member-access
  54:5   warning  Unsafe return of an `any` typed value           @typescript-eslint/no-unsafe-return
  54:12  warning  Unsafe call of an `any` typed value             @typescript-eslint/no-unsafe-call
  54:19  warning  Unsafe member access .map on an `any` value     @typescript-eslint/no-unsafe-member-access

/workspace/packages/adapters/src/xero.ts
  105:3  warning  Async method 'getAccessToken' has no 'await' expression  @typescript-eslint/require-await

✖ 419 problems (0 errors, 419 warnings)

