
> @settler/adapters@1.0.0 typecheck C:\Users\scott\Documents\GitHub\Settler\packages\adapters
> tsc --noEmit

src/connector-runtime.ts(928,82): error TS2379: Argument of type '{ rawPayloads?: { type: string; payload: unknown; }[]; taxEstimates?: { idempotencyKey: string; externalId: string; transactionId?: string; transactionType?: string; amountCents: number; currency: string; ... 6 more ...; rawPayload?: unknown; }[]; ... 5 more ...; accounts?: NormalizedAccount[]; }' is not assignable to parameter of type '{ accounts?: { providerAccountId: string; accountName: string; accountType?: string; currency: string; institutionName?: string; institutionId?: string; metadata?: Record<string, unknown>; }[]; ... 6 more ...; rawPayloads?: { ...; }[]; }' with 'exactOptionalPropertyTypes: true'. Consider adding 'undefined' to the types of the target's properties.
  Types of property 'balances' are incompatible.
    Type '{ accountId: string; balanceCents: number; availableBalanceCents: number | undefined; currency: string; snapshotAt: Date; providerMetadata: Record<string, unknown> | undefined; rawPayload: unknown; }[]' is not assignable to type '{ accountId: string; balanceCents: number; availableBalanceCents?: number; currency: string; snapshotAt: Date; providerMetadata?: Record<string, unknown>; rawPayload?: unknown; }[]'.
      Type '{ accountId: string; balanceCents: number; availableBalanceCents: number | undefined; currency: string; snapshotAt: Date; providerMetadata: Record<string, unknown> | undefined; rawPayload: unknown; }' is not assignable to type '{ accountId: string; balanceCents: number; availableBalanceCents?: number; currency: string; snapshotAt: Date; providerMetadata?: Record<string, unknown>; rawPayload?: unknown; }' with 'exactOptionalPropertyTypes: true'. Consider adding 'undefined' to the types of the target's properties.
        Types of property 'availableBalanceCents' are incompatible.
          Type 'number | undefined' is not assignable to type 'number'.
            Type 'undefined' is not assignable to type 'number'.
src/connector-runtime.ts(931,75): error TS2379: Argument of type '{ rawPayloads?: { type: string; payload: unknown; }[]; taxEstimates?: { idempotencyKey: string; externalId: string; transactionId?: string; transactionType?: string; amountCents: number; currency: string; ... 6 more ...; rawPayload?: unknown; }[]; ... 5 more ...; accounts?: NormalizedAccount[]; }' is not assignable to parameter of type '{ accounts?: { providerAccountId: string; accountName: string; accountType?: string; currency: string; institutionName?: string; institutionId?: string; metadata?: Record<string, unknown>; }[]; ... 6 more ...; rawPayloads?: { ...; }[]; }' with 'exactOptionalPropertyTypes: true'. Consider adding 'undefined' to the types of the target's properties.
  Types of property 'balances' are incompatible.
    Type '{ accountId: string; balanceCents: number; availableBalanceCents: number | undefined; currency: string; snapshotAt: Date; providerMetadata: Record<string, unknown> | undefined; rawPayload: unknown; }[]' is not assignable to type '{ accountId: string; balanceCents: number; availableBalanceCents?: number; currency: string; snapshotAt: Date; providerMetadata?: Record<string, unknown>; rawPayload?: unknown; }[]'.
      Type '{ accountId: string; balanceCents: number; availableBalanceCents: number | undefined; currency: string; snapshotAt: Date; providerMetadata: Record<string, unknown> | undefined; rawPayload: unknown; }' is not assignable to type '{ accountId: string; balanceCents: number; availableBalanceCents?: number; currency: string; snapshotAt: Date; providerMetadata?: Record<string, unknown>; rawPayload?: unknown; }' with 'exactOptionalPropertyTypes: true'. Consider adding 'undefined' to the types of the target's properties.
        Types of property 'availableBalanceCents' are incompatible.
          Type 'number | undefined' is not assignable to type 'number'.
            Type 'undefined' is not assignable to type 'number'.
src/connector-runtime.ts(983,60): error TS2379: Argument of type '{ transactions: number | undefined; accounts: number | undefined; errors: number; }' is not assignable to parameter of type '{ transactions?: number; accounts?: number; errors?: number; }' with 'exactOptionalPropertyTypes: true'. Consider adding 'undefined' to the types of the target's properties.
  Types of property 'transactions' are incompatible.
    Type 'number | undefined' is not assignable to type 'number'.
      Type 'undefined' is not assignable to type 'number'.
 ELIFECYCLE  Command failed with exit code 1.
