npm warn config optional Use `--omit=optional` to exclude optional dependencies, or
npm warn config `--include=optional` to include them.
npm warn config
npm warn config       Default value does install optional deps unless otherwise omitted.

> @settler/api@1.0.0 prebuild
> cd ../.. && npm run prisma:generate || npx prisma generate || echo 'Warning: Prisma generate may have failed'

npm warn config optional Use `--omit=optional` to exclude optional dependencies, or
npm warn config `--include=optional` to include them.
npm warn config
npm warn config       Default value does install optional deps unless otherwise omitted.

> settler-monorepo@1.0.0 prisma:generate
> PRISMA_CLIENT_ENGINE_TYPE=binary PRISMA_ENGINES_MIRROR= prisma generate

Loaded Prisma config from prisma.config.ts.

Prisma schema loaded from prisma/schema.prisma

✔ Generated Prisma Client (v7.1.0) to ./node_modules/@prisma/client in 213ms

Start by importing your Prisma Client (See: https://pris.ly/d/importing-client)

Tip: Interested in query caching in just a few lines of code? Try Accelerate today! https://pris.ly/tip-3-accelerate


> @settler/api@1.0.0 build
> npm run typecheck && tsc

npm warn config optional Use `--omit=optional` to exclude optional dependencies, or
npm warn config `--include=optional` to include them.
npm warn config
npm warn config       Default value does install optional deps unless otherwise omitted.

> @settler/api@1.0.0 pretypecheck
> cd ../.. && npm run prisma:generate || npx prisma generate || echo 'Warning: Prisma generate may have failed'

npm warn config optional Use `--omit=optional` to exclude optional dependencies, or
npm warn config `--include=optional` to include them.
npm warn config
npm warn config       Default value does install optional deps unless otherwise omitted.

> settler-monorepo@1.0.0 prisma:generate
> PRISMA_CLIENT_ENGINE_TYPE=binary PRISMA_ENGINES_MIRROR= prisma generate

Loaded Prisma config from prisma.config.ts.

Prisma schema loaded from prisma/schema.prisma

✔ Generated Prisma Client (v7.1.0) to ./node_modules/@prisma/client in 197ms

Start by importing your Prisma Client (See: https://pris.ly/d/importing-client)

Tip: Want to turn off tips and other hints? https://pris.ly/tip-4-nohints


> @settler/api@1.0.0 typecheck
> tsc --noEmit

src/infrastructure/observability/tracing.ts(6,25): error TS2307: Cannot find module '@opentelemetry/sdk-node' or its corresponding type declarations.
src/infrastructure/observability/tracing.ts(7,45): error TS2307: Cannot find module '@opentelemetry/auto-instrumentations-node' or its corresponding type declarations.
src/infrastructure/observability/tracing.ts(10,35): error TS2307: Cannot find module '@opentelemetry/exporter-trace-otlp-http' or its corresponding type declarations.
npm error Lifecycle script `typecheck` failed with error:
npm error code 2
npm error path /workspace/packages/api
npm error workspace @settler/api@1.0.0
npm error location /workspace/packages/api
npm error command failed
npm error command sh -c tsc --noEmit
npm error Lifecycle script `build` failed with error:
npm error code 2
npm error path /workspace/packages/api
npm error workspace @settler/api@1.0.0
npm error location /workspace/packages/api
npm error command failed
npm error command sh -c npm run typecheck && tsc
