
> @settler/api@1.0.0 lint C:\Users\scott\Documents\GitHub\Settler\packages\api
> eslint src --ext .ts


C:\Users\scott\Documents\GitHub\Settler\packages\api\src\__tests__\reconciliation\ReconciliationService.test.ts
   82:14  error  A method that is not declared with `this: void` may cause unintentional scoping of `this` when separated from its object.
Consider using an arrow function or explicitly `.bind()`ing the method to avoid calling the method with an unintended `this` value. 
If a function does not access `this`, it can be annotated with `this: void`  @typescript-eslint/unbound-method
   83:14  error  A method that is not declared with `this: void` may cause unintentional scoping of `this` when separated from its object.
Consider using an arrow function or explicitly `.bind()`ing the method to avoid calling the method with an unintended `this` value. 
If a function does not access `this`, it can be annotated with `this: void`  @typescript-eslint/unbound-method
  113:14  error  A method that is not declared with `this: void` may cause unintentional scoping of `this` when separated from its object.
Consider using an arrow function or explicitly `.bind()`ing the method to avoid calling the method with an unintended `this` value. 
If a function does not access `this`, it can be annotated with `this: void`  @typescript-eslint/unbound-method
  138:14  error  A method that is not declared with `this: void` may cause unintentional scoping of `this` when separated from its object.
Consider using an arrow function or explicitly `.bind()`ing the method to avoid calling the method with an unintended `this` value. 
If a function does not access `this`, it can be annotated with `this: void`  @typescript-eslint/unbound-method
  139:14  error  A method that is not declared with `this: void` may cause unintentional scoping of `this` when separated from its object.
Consider using an arrow function or explicitly `.bind()`ing the method to avoid calling the method with an unintended `this` value. 
If a function does not access `this`, it can be annotated with `this: void`  @typescript-eslint/unbound-method
  159:14  error  A method that is not declared with `this: void` may cause unintentional scoping of `this` when separated from its object.
Consider using an arrow function or explicitly `.bind()`ing the method to avoid calling the method with an unintended `this` value. 
If a function does not access `this`, it can be annotated with `this: void`  @typescript-eslint/unbound-method

C:\Users\scott\Documents\GitHub\Settler\packages\api\src\__tests__\route-inventory.test.ts
  19:21  error  This assertion is unnecessary since it does not change the type of the expression  @typescript-eslint/no-unnecessary-type-assertion
  28:21  error  This assertion is unnecessary since it does not change the type of the expression  @typescript-eslint/no-unnecessary-type-assertion
  37:21  error  This assertion is unnecessary since it does not change the type of the expression  @typescript-eslint/no-unnecessary-type-assertion
  46:21  error  This assertion is unnecessary since it does not change the type of the expression  @typescript-eslint/no-unnecessary-type-assertion
  53:21  error  This assertion is unnecessary since it does not change the type of the expression  @typescript-eslint/no-unnecessary-type-assertion

C:\Users\scott\Documents\GitHub\Settler\packages\api\src\__tests__\security\encryption.test.ts
   44:14  error  A method that is not declared with `this: void` may cause unintentional scoping of `this` when separated from its object.
Consider using an arrow function or explicitly `.bind()`ing the method to avoid calling the method with an unintended `this` value. 
If a function does not access `this`, it can be annotated with `this: void`  @typescript-eslint/unbound-method
  112:22  error  A `require()` style import is forbidden                                                                                                                                                                                                                                                                                                     @typescript-eslint/no-require-imports
  152:18  error  A `require()` style import is forbidden                                                                                                                                                                                                                                                                                                     @typescript-eslint/no-require-imports

C:\Users\scott\Documents\GitHub\Settler\packages\api\src\application\eventsourcing\EventProjectionService.ts
  29:19  warning  Unexpected any. Specify a different type  @typescript-eslint/no-explicit-any

C:\Users\scott\Documents\GitHub\Settler\packages\api\src\application\export\CSVExporter.ts
  180:32  error  'value' will use Object's default stringification format ('[object Object]') when stringified  @typescript-eslint/no-base-to-string

C:\Users\scott\Documents\GitHub\Settler\packages\api\src\application\services\QuotaService.ts
   57:9   error  Unexpected lexical declaration in case block         no-case-declarations
   67:9   error  Unexpected lexical declaration in case block         no-case-declarations
   78:9   error  Unexpected lexical declaration in case block         no-case-declarations
   91:9   error  Unexpected lexical declaration in case block         no-case-declarations
  107:48  error  Invalid type "never" of template literal expression  @typescript-eslint/restrict-template-expressions

C:\Users\scott\Documents\GitHub\Settler\packages\api\src\application\services\TenantService.ts
  58:24  error  A `require()` style import is forbidden  @typescript-eslint/no-require-imports

C:\Users\scott\Documents\GitHub\Settler\packages\api\src\db\index.ts
  62:29  error  A `require()` style import is forbidden  @typescript-eslint/no-require-imports
  72:16  error  A `require()` style import is forbidden  @typescript-eslint/no-require-imports
  73:18  error  A `require()` style import is forbidden  @typescript-eslint/no-require-imports

C:\Users\scott\Documents\GitHub\Settler\packages\api\src\domain\canonical\types.ts
   39:28  warning  Unexpected any. Specify a different type  @typescript-eslint/no-explicit-any
   58:30  warning  Unexpected any. Specify a different type  @typescript-eslint/no-explicit-any
   78:30  warning  Unexpected any. Specify a different type  @typescript-eslint/no-explicit-any
  109:30  warning  Unexpected any. Specify a different type  @typescript-eslint/no-explicit-any
  145:30  warning  Unexpected any. Specify a different type  @typescript-eslint/no-explicit-any
  163:33  warning  Unexpected any. Specify a different type  @typescript-eslint/no-explicit-any

C:\Users\scott\Documents\GitHub\Settler\packages\api\src\domain\entities\Tenant.ts
  105:34  warning  Unexpected any. Specify a different type  @typescript-eslint/no-explicit-any

C:\Users\scott\Documents\GitHub\Settler\packages\api\src\domain\eventsourcing\reconciliation\ReconciliationEvents.ts
  26:11  error  "shopify" is overridden by string in this union type  @typescript-eslint/no-redundant-type-constituents
  26:23  error  "stripe" is overridden by string in this union type   @typescript-eslint/no-redundant-type-constituents
  40:11  error  "stripe" is overridden by string in this union type   @typescript-eslint/no-redundant-type-constituents
  40:22  error  "paypal" is overridden by string in this union type   @typescript-eslint/no-redundant-type-constituents

C:\Users\scott\Documents\GitHub\Settler\packages\api\src\infrastructure\jobs\scheduler-service.ts
  31:10  warning  'error' is defined but never used  @typescript-eslint/no-unused-vars

C:\Users\scott\Documents\GitHub\Settler\packages\api\src\infrastructure\observability\tracing.ts
  38:19  error    A `require()` style import is forbidden  @typescript-eslint/no-require-imports
  40:32  error    A `require()` style import is forbidden  @typescript-eslint/no-require-imports
  42:21  error    A `require()` style import is forbidden  @typescript-eslint/no-require-imports
  44:31  error    A `require()` style import is forbidden  @typescript-eslint/no-require-imports
  46:25  error    A `require()` style import is forbidden  @typescript-eslint/no-require-imports
  48:15  error    A `require()` style import is forbidden  @typescript-eslint/no-require-imports
  64:10  warning  'error' is defined but never used        @typescript-eslint/no-unused-vars

C:\Users\scott\Documents\GitHub\Settler\packages\api\src\infrastructure\query-optimization.ts
   28:12  warning  Unexpected any. Specify a different type  @typescript-eslint/no-explicit-any
   95:12  warning  Unexpected any. Specify a different type  @typescript-eslint/no-explicit-any
  148:12  warning  Unexpected any. Specify a different type  @typescript-eslint/no-explicit-any
  212:12  warning  Unexpected any. Specify a different type  @typescript-eslint/no-explicit-any

C:\Users\scott\Documents\GitHub\Settler\packages\api\src\infrastructure\redis\client.ts
  41:19  error  A `require()` style import is forbidden             @typescript-eslint/no-require-imports
  69:43  error  'any' overrides all other types in this union type  @typescript-eslint/no-redundant-type-constituents

C:\Users\scott\Documents\GitHub\Settler\packages\api\src\infrastructure\resilience\retry.ts
  93:32  warning  Unexpected any. Specify a different type  @typescript-eslint/no-explicit-any
  93:61  warning  Unexpected any. Specify a different type  @typescript-eslint/no-explicit-any

C:\Users\scott\Documents\GitHub\Settler\packages\api\src\infrastructure\security\InputValidation.ts
  137:33  error    Unexpected control character(s) in regular expression: \x00, \x08, \x0b, \x0c, \x0e, \x1f  no-control-regex
  150:91  warning  Unexpected any. Specify a different type                                                   @typescript-eslint/no-explicit-any
  153:28  warning  Unexpected any. Specify a different type                                                   @typescript-eslint/no-explicit-any

C:\Users\scott\Documents\GitHub\Settler\packages\api\src\infrastructure\security\SSRFProtection.ts
  66:14  warning  'error' is defined but never used  @typescript-eslint/no-unused-vars
  72:12  warning  'error' is defined but never used  @typescript-eslint/no-unused-vars
  94:12  warning  'error' is defined but never used  @typescript-eslint/no-unused-vars

C:\Users\scott\Documents\GitHub\Settler\packages\api\src\infrastructure\security\SecretsManager.ts
  107:35  warning  Unexpected any. Specify a different type  @typescript-eslint/no-explicit-any
  107:59  warning  Unexpected any. Specify a different type  @typescript-eslint/no-explicit-any

C:\Users\scott\Documents\GitHub\Settler\packages\api\src\infrastructure\security\ZeroTrustAuth.ts
  120:21  warning  Unexpected any. Specify a different type  @typescript-eslint/no-explicit-any
  151:21  warning  Unexpected any. Specify a different type  @typescript-eslint/no-explicit-any

C:\Users\scott\Documents\GitHub\Settler\packages\api\src\infrastructure\security\encryption.ts
  83:15  warning  Unexpected any. Specify a different type  @typescript-eslint/no-explicit-any

C:\Users\scott\Documents\GitHub\Settler\packages\api\src\infrastructure\supabase\client.ts
  150:18  error  A `require()` style import is forbidden  @typescript-eslint/no-require-imports
  203:18  error  A `require()` style import is forbidden  @typescript-eslint/no-require-imports

C:\Users\scott\Documents\GitHub\Settler\packages\api\src\jobs\data-retention.ts
  62:19  warning  Unexpected any. Specify a different type  @typescript-eslint/no-explicit-any

C:\Users\scott\Documents\GitHub\Settler\packages\api\src\jobs\email-scheduler.ts
  13:10  warning  '_calculateDaysRemaining' is defined but never used  @typescript-eslint/no-unused-vars

C:\Users\scott\Documents\GitHub\Settler\packages\api\src\lib\email-templates.ts
  121:19  error  'value' will use Object's default stringification format ('[object Object]') when stringified  @typescript-eslint/no-base-to-string

C:\Users\scott\Documents\GitHub\Settler\packages\api\src\lib\email.ts
  47:25  warning  Unexpected any. Specify a different type  @typescript-eslint/no-explicit-any
  67:27  warning  Unexpected any. Specify a different type  @typescript-eslint/no-explicit-any
  72:29  warning  Unexpected any. Specify a different type  @typescript-eslint/no-explicit-any
  73:19  warning  Unexpected any. Specify a different type  @typescript-eslint/no-explicit-any

C:\Users\scott\Documents\GitHub\Settler\packages\api\src\middleware\api-contract-versioning.ts
  88:13  warning  Unexpected any. Specify a different type  @typescript-eslint/no-explicit-any
  89:13  warning  Unexpected any. Specify a different type  @typescript-eslint/no-explicit-any
  96:25  warning  Unexpected any. Specify a different type  @typescript-eslint/no-explicit-any

C:\Users\scott\Documents\GitHub\Settler\packages\api\src\middleware\api-gateway-cache.ts
   46:31  error    'req.query[key]' may use Object's default stringification format ('[object Object]') when stringified  @typescript-eslint/no-base-to-string
   46:31  error    Invalid type "string | ParsedQs | (string | ParsedQs)[] | undefined" of template literal expression    @typescript-eslint/restrict-template-expressions
  182:16  warning  '_pattern' is assigned a value but never used                                                          @typescript-eslint/no-unused-vars

C:\Users\scott\Documents\GitHub\Settler\packages\api\src\middleware\authorization.ts
  220:11  error  Unexpected lexical declaration in case block  no-case-declarations

C:\Users\scott\Documents\GitHub\Settler\packages\api\src\middleware\context.ts
  30:23  warning  Unexpected any. Specify a different type  @typescript-eslint/no-explicit-any
  31:21  warning  Unexpected any. Specify a different type  @typescript-eslint/no-explicit-any
  59:17  warning  Unexpected any. Specify a different type  @typescript-eslint/no-explicit-any

C:\Users\scott\Documents\GitHub\Settler\packages\api\src\middleware\cost-control.ts
   32:40  warning  Unexpected any. Specify a different type  @typescript-eslint/no-explicit-any
   50:19  warning  Unexpected any. Specify a different type  @typescript-eslint/no-explicit-any
   51:19  warning  Unexpected any. Specify a different type  @typescript-eslint/no-explicit-any
   77:15  warning  Unexpected any. Specify a different type  @typescript-eslint/no-explicit-any
   78:15  warning  Unexpected any. Specify a different type  @typescript-eslint/no-explicit-any
  110:40  warning  Unexpected any. Specify a different type  @typescript-eslint/no-explicit-any
  121:17  warning  Unexpected any. Specify a different type  @typescript-eslint/no-explicit-any
  122:17  warning  Unexpected any. Specify a different type  @typescript-eslint/no-explicit-any
  123:17  warning  Unexpected any. Specify a different type  @typescript-eslint/no-explicit-any

C:\Users\scott\Documents\GitHub\Settler\packages\api\src\middleware\csrf.ts
  18:3  error  ES2015 module syntax is preferred over namespaces  @typescript-eslint/no-namespace

C:\Users\scott\Documents\GitHub\Settler\packages\api\src\middleware\export-limitations.ts
   51:30  warning  Unexpected any. Specify a different type  @typescript-eslint/no-explicit-any
   52:28  warning  Unexpected any. Specify a different type  @typescript-eslint/no-explicit-any
  143:13  warning  Unexpected any. Specify a different type  @typescript-eslint/no-explicit-any

C:\Users\scott\Documents\GitHub\Settler\packages\api\src\middleware\feature-flags.ts
  159:27  warning  Unexpected any. Specify a different type  @typescript-eslint/no-explicit-any
  159:52  warning  Unexpected any. Specify a different type  @typescript-eslint/no-explicit-any
  160:25  warning  Unexpected any. Specify a different type  @typescript-eslint/no-explicit-any
  160:48  warning  Unexpected any. Specify a different type  @typescript-eslint/no-explicit-any

C:\Users\scott\Documents\GitHub\Settler\packages\api\src\middleware\pricing.ts
  107:11  error  Unexpected lexical declaration in case block  no-case-declarations
  117:11  error  Unexpected lexical declaration in case block  no-case-declarations
  128:11  error  Unexpected lexical declaration in case block  no-case-declarations

C:\Users\scott\Documents\GitHub\Settler\packages\api\src\middleware\request-id.ts
  24:3  error  ES2015 module syntax is preferred over namespaces  @typescript-eslint/no-namespace

C:\Users\scott\Documents\GitHub\Settler\packages\api\src\middleware\request-signing.ts
  87:19  warning  Unexpected any. Specify a different type  @typescript-eslint/no-explicit-any

C:\Users\scott\Documents\GitHub\Settler\packages\api\src\middleware\tenant.ts
  80:9   error  The two values in this comparison do not have a shared enum type  @typescript-eslint/no-unsafe-enum-comparison
  80:42  error  The two values in this comparison do not have a shared enum type  @typescript-eslint/no-unsafe-enum-comparison

C:\Users\scott\Documents\GitHub\Settler\packages\api\src\middleware\usage-tracking.ts
  116:30  warning  Unexpected any. Specify a different type  @typescript-eslint/no-explicit-any
  116:55  warning  Unexpected any. Specify a different type  @typescript-eslint/no-explicit-any
  165:28  warning  Unexpected any. Specify a different type  @typescript-eslint/no-explicit-any
  165:53  warning  Unexpected any. Specify a different type  @typescript-eslint/no-explicit-any

C:\Users\scott\Documents\GitHub\Settler\packages\api\src\ops\reports\daily-report.ts
  13:21  warning  Unexpected any. Specify a different type  @typescript-eslint/no-explicit-any
  15:20  error    A `require()` style import is forbidden   @typescript-eslint/no-require-imports
  18:22  error    A `require()` style import is forbidden   @typescript-eslint/no-require-imports

C:\Users\scott\Documents\GitHub\Settler\packages\api\src\ops\reports\weekly-report.ts
  12:21  warning  Unexpected any. Specify a different type  @typescript-eslint/no-explicit-any
  14:20  error    A `require()` style import is forbidden   @typescript-eslint/no-require-imports
  17:22  error    A `require()` style import is forbidden   @typescript-eslint/no-require-imports

C:\Users\scott\Documents\GitHub\Settler\packages\api\src\routes\audit-trail.ts
  220:30  warning  Unexpected any. Specify a different type  @typescript-eslint/no-explicit-any
  221:30  warning  Unexpected any. Specify a different type  @typescript-eslint/no-explicit-any
  222:34  warning  Unexpected any. Specify a different type  @typescript-eslint/no-explicit-any

C:\Users\scott\Documents\GitHub\Settler\packages\api\src\routes\batch.ts
  50:25  warning  Unexpected any. Specify a different type  @typescript-eslint/no-explicit-any
  50:50  warning  Unexpected any. Specify a different type  @typescript-eslint/no-explicit-any

C:\Users\scott\Documents\GitHub\Settler\packages\api\src\routes\billing.ts
  48:40  error  'fetchError' is never reassigned. Use 'const' instead  prefer-const

C:\Users\scott\Documents\GitHub\Settler\packages\api\src\routes\cli-wizard.ts
  337:14  error  Invalid type "unknown" of template literal expression                                                  @typescript-eslint/restrict-template-expressions
  337:41  error  Invalid type "unknown" of template literal expression                                                  @typescript-eslint/restrict-template-expressions
  367:13  error  Invalid type "unknown" of template literal expression                                                  @typescript-eslint/restrict-template-expressions
  368:22  error  'sourceAdapter' will use Object's default stringification format ('[object Object]') when stringified  @typescript-eslint/no-base-to-string
  368:22  error  Invalid type "{}" of template literal expression                                                       @typescript-eslint/restrict-template-expressions
  370:22  error  'targetAdapter' will use Object's default stringification format ('[object Object]') when stringified  @typescript-eslint/no-base-to-string
  370:22  error  Invalid type "{}" of template literal expression                                                       @typescript-eslint/restrict-template-expressions

C:\Users\scott\Documents\GitHub\Settler\packages\api\src\routes\export-enhanced.ts
  54:77  warning  '_includeUnmatched' is assigned a value but never used  @typescript-eslint/no-unused-vars

C:\Users\scott\Documents\GitHub\Settler\packages\api\src\routes\exports.ts
  52:25  warning  Unexpected any. Specify a different type  @typescript-eslint/no-explicit-any
  52:50  warning  Unexpected any. Specify a different type  @typescript-eslint/no-explicit-any

C:\Users\scott\Documents\GitHub\Settler\packages\api\src\routes\feedback.ts
  166:21  error  'unknown' overrides all other types in this union type  @typescript-eslint/no-redundant-type-constituents
  168:27  error  'unknown' overrides all other types in this union type  @typescript-eslint/no-redundant-type-constituents

C:\Users\scott\Documents\GitHub\Settler\packages\api\src\routes\jobs.ts
  210:20  error  Expected the Promise rejection reason to be an Error  @typescript-eslint/prefer-promise-reject-errors
  247:20  error  Expected the Promise rejection reason to be an Error  @typescript-eslint/prefer-promise-reject-errors
  369:20  error  Expected the Promise rejection reason to be an Error  @typescript-eslint/prefer-promise-reject-errors

C:\Users\scott\Documents\GitHub\Settler\packages\api\src\routes\observability.ts
  182:62  error  'level' may use Object's default stringification format ('[object Object]') when stringified      @typescript-eslint/no-base-to-string
  188:62  error  'jobId' may use Object's default stringification format ('[object Object]') when stringified      @typescript-eslint/no-base-to-string
  194:70  error  'startDate' may use Object's default stringification format ('[object Object]') when stringified  @typescript-eslint/no-base-to-string
  200:66  error  'endDate' may use Object's default stringification format ('[object Object]') when stringified    @typescript-eslint/no-base-to-string

C:\Users\scott\Documents\GitHub\Settler\packages\api\src\routes\playground.ts
   11:1   error    Use "@ts-expect-error" instead of "@ts-ignore", as "@ts-ignore" will do nothing if the following line is error-free                                                                                                                                                                                                               @typescript-eslint/ban-ts-comment
  151:23  warning  Unexpected any. Specify a different type                                                                                                                                                                                                                                                                                          @typescript-eslint/no-explicit-any
  233:32  error    'source.id || source.order_id || source.charge_id || "unknown"' will use Object's default stringification format ('[object Object]') when stringified                                                                                                                                                                             @typescript-eslint/no-base-to-string
  234:32  error    'target.id || target.transaction_id || target.charge_id || "unknown"' will use Object's default stringification format ('[object Object]') when stringified                                                                                                                                                                       @typescript-eslint/no-base-to-string
  253:30  error    'source.id || source.order_id || source.charge_id || "unknown"' will use Object's default stringification format ('[object Object]') when stringified                                                                                                                                                                             @typescript-eslint/no-base-to-string
  255:15  error    '(bestMatch.target as Record<string, unknown>).id ||
                (bestMatch.target as Record<string, unknown>).transaction_id ||
                (bestMatch.target as Record<string, unknown>).charge_id ||
                "unknown"' will use Object's default stringification format ('[object Object]') when stringified  @typescript-eslint/no-base-to-string
  265:30  error    'source.id || source.order_id || source.charge_id || "unknown"' will use Object's default stringification format ('[object Object]') when stringified                                                                                                                                                                             @typescript-eslint/no-base-to-string

C:\Users\scott\Documents\GitHub\Settler\packages\api\src\routes\reports.ts
  71:18  warning  Unexpected any. Specify a different type  @typescript-eslint/no-explicit-any

C:\Users\scott\Documents\GitHub\Settler\packages\api\src\routes\rules-editor.ts
  281:39  warning  Unexpected any. Specify a different type  @typescript-eslint/no-explicit-any
  282:39  warning  Unexpected any. Specify a different type  @typescript-eslint/no-explicit-any
  283:39  warning  Unexpected any. Specify a different type  @typescript-eslint/no-explicit-any
  296:39  warning  Unexpected any. Specify a different type  @typescript-eslint/no-explicit-any
  297:39  warning  Unexpected any. Specify a different type  @typescript-eslint/no-explicit-any
  314:39  warning  Unexpected any. Specify a different type  @typescript-eslint/no-explicit-any

C:\Users\scott\Documents\GitHub\Settler\packages\api\src\routes\usage.ts
  25:48  warning  Unexpected any. Specify a different type  @typescript-eslint/no-explicit-any
  55:48  warning  Unexpected any. Specify a different type  @typescript-eslint/no-explicit-any
  85:48  warning  Unexpected any. Specify a different type  @typescript-eslint/no-explicit-any

C:\Users\scott\Documents\GitHub\Settler\packages\api\src\routes\v1\exports.ts
  96:16  warning  Unexpected any. Specify a different type  @typescript-eslint/no-explicit-any

C:\Users\scott\Documents\GitHub\Settler\packages\api\src\routes\v1\ingestion.ts
  257:22  warning  Unexpected any. Specify a different type  @typescript-eslint/no-explicit-any

C:\Users\scott\Documents\GitHub\Settler\packages\api\src\routes\v1\notifications.ts
  96:31  warning  Unexpected any. Specify a different type  @typescript-eslint/no-explicit-any
  97:27  warning  Unexpected any. Specify a different type  @typescript-eslint/no-explicit-any

C:\Users\scott\Documents\GitHub\Settler\packages\api\src\routes\v1\operator-mode.ts
  269:68  warning  Unexpected any. Specify a different type  @typescript-eslint/no-explicit-any

C:\Users\scott\Documents\GitHub\Settler\packages\api\src\routes\v2\compliance.ts
  54:32  warning  Unexpected any. Specify a different type  @typescript-eslint/no-explicit-any

C:\Users\scott\Documents\GitHub\Settler\packages\api\src\routes\webhooks.ts
   79:48  error  A `require()` style import is forbidden               @typescript-eslint/no-require-imports
  268:20  error  Expected the Promise rejection reason to be an Error  @typescript-eslint/prefer-promise-reject-errors

C:\Users\scott\Documents\GitHub\Settler\packages\api\src\services\ai-agents\anomaly-detector.ts
  169:32  error  A `require()` style import is forbidden  @typescript-eslint/no-require-imports

C:\Users\scott\Documents\GitHub\Settler\packages\api\src\services\ai-insights\improvement-suggester.ts
  105:65  error  The two values in this comparison do not have a shared enum type  @typescript-eslint/no-unsafe-enum-comparison

C:\Users\scott\Documents\GitHub\Settler\packages\api\src\services\ai-insights\insight-aggregator.ts
  92:49  error  The two values in this comparison do not have a shared enum type  @typescript-eslint/no-unsafe-enum-comparison

C:\Users\scott\Documents\GitHub\Settler\packages\api\src\services\bulk-operations.ts
  209:50  error  Invalid type "never" of template literal expression  @typescript-eslint/restrict-template-expressions

C:\Users\scott\Documents\GitHub\Settler\packages\api\src\services\compliance\export-system.ts
  213:44  error  'data[h] || ''' will use Object's default stringification format ('[object Object]') when stringified  @typescript-eslint/no-base-to-string
  223:27  error  Invalid type "unknown" of template literal expression                                                  @typescript-eslint/restrict-template-expressions

C:\Users\scott\Documents\GitHub\Settler\packages\api\src\services\confidence-scoring.ts
   71:50  error  'sourceValue' may use Object's default stringification format ('[object Object]') when stringified  @typescript-eslint/no-base-to-string
   72:50  error  'targetValue' may use Object's default stringification format ('[object Object]') when stringified  @typescript-eslint/no-base-to-string
   85:38  error  'sourceValue' may use Object's default stringification format ('[object Object]') when stringified  @typescript-eslint/no-base-to-string
   85:38  error  Invalid type "{} | null" of template literal expression                                             @typescript-eslint/restrict-template-expressions
   85:57  error  'targetValue' may use Object's default stringification format ('[object Object]') when stringified  @typescript-eslint/no-base-to-string
   85:57  error  Invalid type "{} | null" of template literal expression                                             @typescript-eslint/restrict-template-expressions
   89:41  error  'sourceValue' may use Object's default stringification format ('[object Object]') when stringified  @typescript-eslint/no-base-to-string
   89:41  error  Invalid type "{} | null" of template literal expression                                             @typescript-eslint/restrict-template-expressions
   89:60  error  'targetValue' may use Object's default stringification format ('[object Object]') when stringified  @typescript-eslint/no-base-to-string
   89:60  error  Invalid type "{} | null" of template literal expression                                             @typescript-eslint/restrict-template-expressions
   95:9   error  Unexpected lexical declaration in case block                                                        no-case-declarations
   95:55  error  'sourceValue' may use Object's default stringification format ('[object Object]') when stringified  @typescript-eslint/no-base-to-string
   95:76  error  'targetValue' may use Object's default stringification format ('[object Object]') when stringified  @typescript-eslint/no-base-to-string
   96:9   error  Unexpected lexical declaration in case block                                                        no-case-declarations
  109:46  error  'sourceValue' may use Object's default stringification format ('[object Object]') when stringified  @typescript-eslint/no-base-to-string
  110:46  error  'targetValue' may use Object's default stringification format ('[object Object]') when stringified  @typescript-eslint/no-base-to-string

C:\Users\scott\Documents\GitHub\Settler\packages\api\src\services\currency\fx-rate-provider.ts
  41:47  warning  Unexpected any. Specify a different type  @typescript-eslint/no-explicit-any
  47:47  warning  Unexpected any. Specify a different type  @typescript-eslint/no-explicit-any

C:\Users\scott\Documents\GitHub\Settler\packages\api\src\services\data-gravity.ts
  212:39  warning  Unexpected any. Specify a different type  @typescript-eslint/no-explicit-any
  507:11  warning  Unexpected any. Specify a different type  @typescript-eslint/no-explicit-any

C:\Users\scott\Documents\GitHub\Settler\packages\api\src\services\data-retention\export-retention-policy.ts
  161:39  warning  Unexpected any. Specify a different type  @typescript-eslint/no-explicit-any

C:\Users\scott\Documents\GitHub\Settler\packages\api\src\services\defensibility\deterministic-guarantee-enforcement.ts
  144:38  warning  Unexpected any. Specify a different type  @typescript-eslint/no-explicit-any
  145:38  warning  Unexpected any. Specify a different type  @typescript-eslint/no-explicit-any
  146:28  warning  Unexpected any. Specify a different type  @typescript-eslint/no-explicit-any
  147:29  warning  Unexpected any. Specify a different type  @typescript-eslint/no-explicit-any
  148:30  warning  Unexpected any. Specify a different type  @typescript-eslint/no-explicit-any
  149:29  warning  Unexpected any. Specify a different type  @typescript-eslint/no-explicit-any
  150:27  warning  Unexpected any. Specify a different type  @typescript-eslint/no-explicit-any

C:\Users\scott\Documents\GitHub\Settler\packages\api\src\services\economic\value-based-pricing.ts
  43:24  error  'this._metaModels' is assigned to itself  no-self-assign

C:\Users\scott\Documents\GitHub\Settler\packages\api\src\services\email\email-service.ts
  123:20  error  A `require()` style import is forbidden  @typescript-eslint/no-require-imports

C:\Users\scott\Documents\GitHub\Settler\packages\api\src\services\export\pdf-generator.ts
  245:9  error  Expected the Promise rejection reason to be an Error  @typescript-eslint/prefer-promise-reject-errors

C:\Users\scott\Documents\GitHub\Settler\packages\api\src\services\ingestion\export-service.ts
  151:26  error  'val' will use Object's default stringification format ('[object Object]') when stringified                      @typescript-eslint/no-base-to-string
  219:26  error  'val' will use Object's default stringification format ('[object Object]') when stringified                      @typescript-eslint/no-base-to-string
  272:26  error  'val' will use Object's default stringification format ('[object Object]') when stringified                      @typescript-eslint/no-base-to-string
  340:26  error  Invalid type "unknown" of template literal expression                                                            @typescript-eslint/restrict-template-expressions
  341:30  error  Invalid type "unknown" of template literal expression                                                            @typescript-eslint/restrict-template-expressions
  342:32  error  Invalid type "unknown" of template literal expression                                                            @typescript-eslint/restrict-template-expressions
  343:32  error  Invalid type "unknown" of template literal expression                                                            @typescript-eslint/restrict-template-expressions
  344:32  error  Invalid type "unknown" of template literal expression                                                            @typescript-eslint/restrict-template-expressions
  345:33  error  Invalid type "unknown" of template literal expression                                                            @typescript-eslint/restrict-template-expressions
  346:36  error  Invalid type "unknown" of template literal expression                                                            @typescript-eslint/restrict-template-expressions
  347:36  error  Invalid type "unknown" of template literal expression                                                            @typescript-eslint/restrict-template-expressions
  348:38  error  Invalid type "unknown" of template literal expression                                                            @typescript-eslint/restrict-template-expressions
  358:16  error  'row.match_type || ""' will use Object's default stringification format ('[object Object]') when stringified     @typescript-eslint/no-base-to-string
  359:16  error  'row.confidence || ""' will use Object's default stringification format ('[object Object]') when stringified     @typescript-eslint/no-base-to-string
  360:16  error  'row.source_amount || ""' will use Object's default stringification format ('[object Object]') when stringified  @typescript-eslint/no-base-to-string
  361:16  error  'row.currency || ""' will use Object's default stringification format ('[object Object]') when stringified       @typescript-eslint/no-base-to-string
  362:16  error  'row.source_date || ""' will use Object's default stringification format ('[object Object]') when stringified    @typescript-eslint/no-base-to-string
  533:16  error  A `require()` style import is forbidden                                                                          @typescript-eslint/no-require-imports

C:\Users\scott\Documents\GitHub\Settler\packages\api\src\services\ingestion\reconciliation-matcher.ts
  363:17  error  A `require()` style import is forbidden  @typescript-eslint/no-require-imports
  364:19  error  A `require()` style import is forbidden  @typescript-eslint/no-require-imports
  444:13  error  A `require()` style import is forbidden  @typescript-eslint/no-require-imports

C:\Users\scott\Documents\GitHub\Settler\packages\api\src\services\ingestion\stripe-connector.ts
   58:72  warning  Unexpected any. Specify a different type  @typescript-eslint/no-explicit-any
   64:35  warning  Unexpected any. Specify a different type  @typescript-eslint/no-explicit-any
  236:20  error    A `require()` style import is forbidden   @typescript-eslint/no-require-imports

C:\Users\scott\Documents\GitHub\Settler\packages\api\src\services\intelligence\pattern-extractor.ts
  253:21  error  This assertion is unnecessary since it does not change the type of the expression  @typescript-eslint/no-unnecessary-type-assertion

C:\Users\scott\Documents\GitHub\Settler\packages\api\src\services\knowledge\decision-log.ts
  228:14  warning  'error' is defined but never used  @typescript-eslint/no-unused-vars

C:\Users\scott\Documents\GitHub\Settler\packages\api\src\services\matching\ml-matching-engine.ts
  303:67  warning  Unexpected any. Specify a different type  @typescript-eslint/no-explicit-any

C:\Users\scott\Documents\GitHub\Settler\packages\api\src\services\notifications\alert-manager.ts
  75:65  error  The two values in this comparison do not have a shared enum type  @typescript-eslint/no-unsafe-enum-comparison

C:\Users\scott\Documents\GitHub\Settler\packages\api\src\services\notifications\job-failure.ts
  111:9  error  Use "@ts-expect-error" instead of "@ts-ignore", as "@ts-ignore" will do nothing if the following line is error-free  @typescript-eslint/ban-ts-comment

C:\Users\scott\Documents\GitHub\Settler\packages\api\src\services\operator-mode\alerting.ts
  148:13  error  Unexpected lexical declaration in case block  no-case-declarations

C:\Users\scott\Documents\GitHub\Settler\packages\api\src\services\operator-mode\backups.ts
   89:25  warning  Unexpected any. Specify a different type  @typescript-eslint/no-explicit-any
  221:30  warning  Unexpected any. Specify a different type  @typescript-eslint/no-explicit-any

C:\Users\scott\Documents\GitHub\Settler\packages\api\src\services\operator-mode\cost-controls.ts
  129:7  error  Unexpected lexical declaration in case block  no-case-declarations
  140:7  error  Unexpected lexical declaration in case block  no-case-declarations
  150:7  error  Unexpected lexical declaration in case block  no-case-declarations

C:\Users\scott\Documents\GitHub\Settler\packages\api\src\services\ops-intelligence\insights-engine.ts
   31:29  warning  Unexpected any. Specify a different type  @typescript-eslint/no-explicit-any
   32:29  warning  Unexpected any. Specify a different type  @typescript-eslint/no-explicit-any
   33:29  warning  Unexpected any. Specify a different type  @typescript-eslint/no-explicit-any
  122:13  warning  Unexpected any. Specify a different type  @typescript-eslint/no-explicit-any
  269:13  warning  Unexpected any. Specify a different type  @typescript-eslint/no-explicit-any
  360:13  warning  Unexpected any. Specify a different type  @typescript-eslint/no-explicit-any
  465:13  warning  Unexpected any. Specify a different type  @typescript-eslint/no-explicit-any

C:\Users\scott\Documents\GitHub\Settler\packages\api\src\services\privacy-preserving\edge-agent.ts
  297:63  error  Invalid type "unknown" of template literal expression  @typescript-eslint/restrict-template-expressions

C:\Users\scott\Documents\GitHub\Settler\packages\api\src\services\recon-core\recon-core-engine.ts
  429:20  warning  Unexpected any. Specify a different type                          @typescript-eslint/no-explicit-any
  549:12  error    The two values in this comparison do not have a shared enum type  @typescript-eslint/no-unsafe-enum-comparison
  549:40  error    The two values in this comparison do not have a shared enum type  @typescript-eslint/no-unsafe-enum-comparison

C:\Users\scott\Documents\GitHub\Settler\packages\api\src\services\reconciliation\automated-review.ts
  453:12  warning  'error' is defined but never used  @typescript-eslint/no-unused-vars

C:\Users\scott\Documents\GitHub\Settler\packages\api\src\services\resilience\fault-tolerant-recon.ts
  43:20  error  'this._prisma' is assigned to itself  no-self-assign

C:\Users\scott\Documents\GitHub\Settler\packages\api\src\services\resilience\governance-layer.ts
  130:41  error  Invalid type "unknown" of template literal expression  @typescript-eslint/restrict-template-expressions

C:\Users\scott\Documents\GitHub\Settler\packages\api\src\services\workflows\workflow-templates.ts
  218:54  warning  Unexpected any. Specify a different type  @typescript-eslint/no-explicit-any
  349:30  warning  Unexpected any. Specify a different type  @typescript-eslint/no-explicit-any

C:\Users\scott\Documents\GitHub\Settler\packages\api\src\types\opossum.d.ts
  29:35  warning  Unexpected any. Specify a different type  @typescript-eslint/no-explicit-any
  30:35  warning  Unexpected any. Specify a different type  @typescript-eslint/no-explicit-any
  31:19  warning  Unexpected any. Specify a different type  @typescript-eslint/no-explicit-any
  37:43  warning  Unexpected any. Specify a different type  @typescript-eslint/no-explicit-any
  38:55  warning  Unexpected any. Specify a different type  @typescript-eslint/no-explicit-any

C:\Users\scott\Documents\GitHub\Settler\packages\api\src\utils\error-handler.ts
  71:31  warning  Unexpected any. Specify a different type  @typescript-eslint/no-explicit-any

C:\Users\scott\Documents\GitHub\Settler\packages\api\src\utils\logger.ts
  103:53   error  'tenant_id' will use Object's default stringification format ('[object Object]') when stringified  @typescript-eslint/no-base-to-string
  103:53   error  Invalid type "{}" of template literal expression                                                   @typescript-eslint/restrict-template-expressions
  104:47   error  'user_id' will use Object's default stringification format ('[object Object]') when stringified    @typescript-eslint/no-base-to-string
  104:47   error  Invalid type "{}" of template literal expression                                                   @typescript-eslint/restrict-template-expressions
  105:21   error  Invalid type "unknown" of template literal expression                                              @typescript-eslint/restrict-template-expressions
  105:107  error  Invalid type "unknown" of template literal expression                                              @typescript-eslint/restrict-template-expressions

C:\Users\scott\Documents\GitHub\Settler\packages\api\src\utils\startup-validation.ts
  12:19  error  A `require()` style import is forbidden  @typescript-eslint/no-require-imports

C:\Users\scott\Documents\GitHub\Settler\packages\api\src\utils\webhook-queue.ts
   71:21  warning  Unexpected any. Specify a different type  @typescript-eslint/no-explicit-any
  158:12  warning  Unexpected any. Specify a different type  @typescript-eslint/no-explicit-any

✖ 269 problems (145 errors, 124 warnings)
  6 errors and 0 warnings potentially fixable with the `--fix` option.

 ELIFECYCLE  Command failed with exit code 1.
